[2024-07-22T00:26:13.619+0800] CardTable entry size: 512
[2024-07-22T00:26:13.619+0800] Using G1
[2024-07-22T00:26:13.621+0800] Version: 21+35-LTS (release)
[2024-07-22T00:26:13.621+0800] CPUs: 16 total, 16 available
[2024-07-22T00:26:13.621+0800] Memory: 16384M
[2024-07-22T00:26:13.621+0800] Large Page Support: Disabled
[2024-07-22T00:26:13.621+0800] NUMA Support: Disabled
[2024-07-22T00:26:13.621+0800] Compressed Oops: Enabled (Zero based)
[2024-07-22T00:26:13.621+0800] Heap Region Size: 2M
[2024-07-22T00:26:13.621+0800] Heap Min Capacity: 8M
[2024-07-22T00:26:13.621+0800] Heap Initial Capacity: 256M
[2024-07-22T00:26:13.621+0800] Heap Max Capacity: 4G
[2024-07-22T00:26:13.621+0800] Pre-touch: Disabled
[2024-07-22T00:26:13.621+0800] Parallel Workers: 13
[2024-07-22T00:26:13.621+0800] Concurrent Workers: 3
[2024-07-22T00:26:13.621+0800] Concurrent Refinement Workers: 13
[2024-07-22T00:26:13.621+0800] Periodic GC: Disabled
[2024-07-22T00:26:13.672+0800] CDS archive(s) mapped at: [0x0000000125000000-0x0000000125ca0000-0x0000000125ca0000), size 13238272, SharedBaseAddress: 0x0000000125000000, ArchiveRelocationMode: 1.
[2024-07-22T00:26:13.672+0800] Compressed class space mapped at: 0x0000000126000000-0x0000000166000000, reserved size: 1073741824
[2024-07-22T00:26:13.672+0800] Narrow klass base: 0x0000000125000000, Narrow klass shift: 0, Narrow klass range: 0x100000000
[2024-07-22T00:26:14.049+0800] GC(0) Pause Young (Normal) (G1 Evacuation Pause)
[2024-07-22T00:26:14.049+0800] GC(0) Using 6 workers of 13 for evacuation
[2024-07-22T00:26:14.058+0800] GC(0)   Pre Evacuate Collection Set: 0.1ms
[2024-07-22T00:26:14.058+0800] GC(0)   Merge Heap Roots: 0.1ms
[2024-07-22T00:26:14.058+0800] GC(0)   Evacuate Collection Set: 7.6ms
[2024-07-22T00:26:14.058+0800] GC(0)   Post Evacuate Collection Set: 0.5ms
[2024-07-22T00:26:14.058+0800] GC(0)   Other: 0.5ms
[2024-07-22T00:26:14.058+0800] GC(0) Eden regions: 11->0(6)
[2024-07-22T00:26:14.058+0800] GC(0) Survivor regions: 0->2(2)
[2024-07-22T00:26:14.058+0800] GC(0) Old regions: 1->7
[2024-07-22T00:26:14.058+0800] GC(0) Humongous regions: 0->0
[2024-07-22T00:26:14.058+0800] GC(0) Metaspace: 4228K(4352K)->4228K(4352K) NonClass: 3804K(3840K)->3804K(3840K) Class: 424K(512K)->424K(512K)
[2024-07-22T00:26:14.058+0800] GC(0) Pause Young (Normal) (G1 Evacuation Pause) 23M->15M(258M) 9.048ms
[2024-07-22T00:26:14.058+0800] GC(0) User=0.03s Sys=0.01s Real=0.01s
[2024-07-22T00:26:14.135+0800] GC(1) Pause Young (Normal) (G1 Evacuation Pause)
[2024-07-22T00:26:14.135+0800] GC(1) Using 6 workers of 13 for evacuation
[2024-07-22T00:26:14.147+0800] GC(1)   Pre Evacuate Collection Set: 0.1ms
[2024-07-22T00:26:14.147+0800] GC(1)   Merge Heap Roots: 0.2ms
[2024-07-22T00:26:14.147+0800] GC(1)   Evacuate Collection Set: 11.3ms
[2024-07-22T00:26:14.147+0800] GC(1)   Post Evacuate Collection Set: 0.3ms
[2024-07-22T00:26:14.147+0800] GC(1)   Other: 0.1ms
[2024-07-22T00:26:14.147+0800] GC(1) Eden regions: 6->0(6)
[2024-07-22T00:26:14.147+0800] GC(1) Survivor regions: 2->1(1)
[2024-07-22T00:26:14.147+0800] GC(1) Old regions: 7->13
[2024-07-22T00:26:14.147+0800] GC(1) Humongous regions: 0->0
[2024-07-22T00:26:14.147+0800] GC(1) Metaspace: 4229K(4416K)->4229K(4416K) NonClass: 3805K(3904K)->3805K(3904K) Class: 424K(512K)->424K(512K)
[2024-07-22T00:26:14.147+0800] GC(1) Pause Young (Normal) (G1 Evacuation Pause) 27M->27M(258M) 12.406ms
[2024-07-22T00:26:14.147+0800] GC(1) User=0.06s Sys=0.02s Real=0.01s
[2024-07-22T00:26:14.244+0800] GC(2) Pause Young (Normal) (G1 Evacuation Pause)
[2024-07-22T00:26:14.244+0800] GC(2) Using 6 workers of 13 for evacuation
[2024-07-22T00:26:14.259+0800] GC(2)   Pre Evacuate Collection Set: 0.2ms
[2024-07-22T00:26:14.259+0800] GC(2)   Merge Heap Roots: 0.1ms
[2024-07-22T00:26:14.259+0800] GC(2)   Evacuate Collection Set: 13.8ms
[2024-07-22T00:26:14.259+0800] GC(2)   Post Evacuate Collection Set: 0.3ms
[2024-07-22T00:26:14.259+0800] GC(2)   Other: 0.1ms
[2024-07-22T00:26:14.259+0800] GC(2) Eden regions: 13->0(9)
[2024-07-22T00:26:14.259+0800] GC(2) Survivor regions: 1->2(2)
[2024-07-22T00:26:14.259+0800] GC(2) Old regions: 13->25
[2024-07-22T00:26:14.259+0800] GC(2) Humongous regions: 0->0
[2024-07-22T00:26:14.259+0800] GC(2) Metaspace: 4229K(4416K)->4229K(4416K) NonClass: 3805K(3904K)->3805K(3904K) Class: 424K(512K)->424K(512K)
[2024-07-22T00:26:14.259+0800] GC(2) Pause Young (Normal) (G1 Evacuation Pause) 53M->51M(258M) 14.794ms
[2024-07-22T00:26:14.259+0800] GC(2) User=0.06s Sys=0.01s Real=0.01s
[2024-07-22T00:26:14.355+0800] GC(3) Pause Young (Normal) (G1 Evacuation Pause)
[2024-07-22T00:26:14.355+0800] GC(3) Using 6 workers of 13 for evacuation
[2024-07-22T00:26:14.401+0800] GC(3)   Pre Evacuate Collection Set: 0.1ms
[2024-07-22T00:26:14.401+0800] GC(3)   Merge Heap Roots: 0.1ms
[2024-07-22T00:26:14.401+0800] GC(3)   Evacuate Collection Set: 44.8ms
[2024-07-22T00:26:14.401+0800] GC(3)   Post Evacuate Collection Set: 0.3ms
[2024-07-22T00:26:14.401+0800] GC(3)   Other: 0.1ms
[2024-07-22T00:26:14.401+0800] GC(3) Eden regions: 14->0(13)
[2024-07-22T00:26:14.401+0800] GC(3) Survivor regions: 2->2(2)
[2024-07-22T00:26:14.401+0800] GC(3) Old regions: 25->38
[2024-07-22T00:26:14.401+0800] GC(3) Humongous regions: 0->0
[2024-07-22T00:26:14.401+0800] GC(3) Metaspace: 4243K(4416K)->4243K(4416K) NonClass: 3819K(3904K)->3819K(3904K) Class: 424K(512K)->424K(512K)
[2024-07-22T00:26:14.401+0800] GC(3) Pause Young (Normal) (G1 Evacuation Pause) 79M->77M(258M) 45.655ms
[2024-07-22T00:26:14.401+0800] GC(3) User=0.08s Sys=0.03s Real=0.05s
[2024-07-22T00:26:14.484+0800] GC(4) Pause Young (Normal) (G1 Evacuation Pause)
[2024-07-22T00:26:14.484+0800] GC(4) Using 6 workers of 13 for evacuation
[2024-07-22T00:26:14.528+0800] GC(4)   Pre Evacuate Collection Set: 0.1ms
[2024-07-22T00:26:14.528+0800] GC(4)   Merge Heap Roots: 0.1ms
[2024-07-22T00:26:14.528+0800] GC(4)   Evacuate Collection Set: 42.6ms
[2024-07-22T00:26:14.528+0800] GC(4)   Post Evacuate Collection Set: 1.1ms
[2024-07-22T00:26:14.528+0800] GC(4)   Other: 0.1ms
[2024-07-22T00:26:14.528+0800] GC(4) Eden regions: 18->0(18)
[2024-07-22T00:26:14.528+0800] GC(4) Survivor regions: 2->3(3)
[2024-07-22T00:26:14.528+0800] GC(4) Old regions: 38->54
[2024-07-22T00:26:14.528+0800] GC(4) Humongous regions: 0->0
[2024-07-22T00:26:14.528+0800] GC(4) Metaspace: 4244K(4416K)->4244K(4416K) NonClass: 3820K(3904K)->3820K(3904K) Class: 424K(512K)->424K(512K)
[2024-07-22T00:26:14.528+0800] GC(4) Pause Young (Normal) (G1 Evacuation Pause) 113M->111M(560M) 44.229ms
[2024-07-22T00:26:14.528+0800] GC(4) User=0.11s Sys=0.04s Real=0.04s
[2024-07-22T00:26:14.703+0800] GC(5) Pause Young (Normal) (G1 Evacuation Pause)
[2024-07-22T00:26:14.704+0800] GC(5) Using 13 workers of 13 for evacuation
[2024-07-22T00:26:14.752+0800] GC(5)   Pre Evacuate Collection Set: 0.1ms
[2024-07-22T00:26:14.752+0800] GC(5)   Merge Heap Roots: 0.1ms
[2024-07-22T00:26:14.752+0800] GC(5)   Evacuate Collection Set: 47.4ms
[2024-07-22T00:26:14.752+0800] GC(5)   Post Evacuate Collection Set: 0.2ms
[2024-07-22T00:26:14.752+0800] GC(5)   Other: 0.4ms
[2024-07-22T00:26:14.752+0800] GC(5) Eden regions: 22->0(22)
[2024-07-22T00:26:14.752+0800] GC(5) Survivor regions: 3->4(4)
[2024-07-22T00:26:14.752+0800] GC(5) Old regions: 54->74
[2024-07-22T00:26:14.752+0800] GC(5) Humongous regions: 0->0
[2024-07-22T00:26:14.752+0800] GC(5) Metaspace: 4244K(4416K)->4244K(4416K) NonClass: 3820K(3904K)->3820K(3904K) Class: 424K(512K)->424K(512K)
[2024-07-22T00:26:14.752+0800] GC(5) Pause Young (Normal) (G1 Evacuation Pause) 155M->154M(560M) 48.385ms
[2024-07-22T00:26:14.752+0800] GC(5) User=0.12s Sys=0.06s Real=0.05s
[2024-07-22T00:26:14.870+0800] GC(6) Pause Young (Normal) (G1 Evacuation Pause)
[2024-07-22T00:26:14.870+0800] GC(6) Using 13 workers of 13 for evacuation
[2024-07-22T00:26:14.933+0800] GC(6)   Pre Evacuate Collection Set: 0.2ms
[2024-07-22T00:26:14.933+0800] GC(6)   Merge Heap Roots: 0.1ms
[2024-07-22T00:26:14.933+0800] GC(6)   Evacuate Collection Set: 62.0ms
[2024-07-22T00:26:14.933+0800] GC(6)   Post Evacuate Collection Set: 0.4ms
[2024-07-22T00:26:14.933+0800] GC(6)   Other: 0.1ms
[2024-07-22T00:26:14.933+0800] GC(6) Eden regions: 26->0(26)
[2024-07-22T00:26:14.933+0800] GC(6) Survivor regions: 4->4(4)
[2024-07-22T00:26:14.933+0800] GC(6) Old regions: 74->98
[2024-07-22T00:26:14.933+0800] GC(6) Humongous regions: 0->0
[2024-07-22T00:26:14.933+0800] GC(6) Metaspace: 4244K(4416K)->4244K(4416K) NonClass: 3820K(3904K)->3820K(3904K) Class: 424K(512K)->424K(512K)
[2024-07-22T00:26:14.933+0800] GC(6) Pause Young (Normal) (G1 Evacuation Pause) 206M->202M(560M) 62.996ms
[2024-07-22T00:26:14.933+0800] GC(6) User=0.14s Sys=0.09s Real=0.06s
[2024-07-22T00:26:15.063+0800] GC(7) Pause Young (Normal) (G1 Evacuation Pause)
[2024-07-22T00:26:15.063+0800] GC(7) Using 13 workers of 13 for evacuation
[2024-07-22T00:26:15.084+0800] GC(7)   Pre Evacuate Collection Set: 0.2ms
[2024-07-22T00:26:15.084+0800] GC(7)   Merge Heap Roots: 0.1ms
[2024-07-22T00:26:15.084+0800] GC(7)   Evacuate Collection Set: 20.8ms
[2024-07-22T00:26:15.084+0800] GC(7)   Post Evacuate Collection Set: 0.4ms
[2024-07-22T00:26:15.084+0800] GC(7)   Other: 0.1ms
[2024-07-22T00:26:15.084+0800] GC(7) Eden regions: 30->0(34)
[2024-07-22T00:26:15.084+0800] GC(7) Survivor regions: 4->5(5)
[2024-07-22T00:26:15.084+0800] GC(7) Old regions: 98->126
[2024-07-22T00:26:15.084+0800] GC(7) Humongous regions: 0->0
[2024-07-22T00:26:15.084+0800] GC(7) Metaspace: 4244K(4416K)->4244K(4416K) NonClass: 3820K(3904K)->3820K(3904K) Class: 424K(512K)->424K(512K)
[2024-07-22T00:26:15.084+0800] GC(7) Pause Young (Normal) (G1 Evacuation Pause) 262M->260M(560M) 21.761ms
[2024-07-22T00:26:15.084+0800] GC(7) User=0.19s Sys=0.05s Real=0.02s
[2024-07-22T00:26:15.372+0800] GC(8) Pause Young (Normal) (G1 Evacuation Pause)
[2024-07-22T00:26:15.372+0800] GC(8) Using 13 workers of 13 for evacuation
[2024-07-22T00:26:15.435+0800] GC(8)   Pre Evacuate Collection Set: 0.1ms
[2024-07-22T00:26:15.435+0800] GC(8)   Merge Heap Roots: 0.1ms
[2024-07-22T00:26:15.435+0800] GC(8)   Evacuate Collection Set: 57.4ms
[2024-07-22T00:26:15.435+0800] GC(8)   Post Evacuate Collection Set: 5.3ms
[2024-07-22T00:26:15.435+0800] GC(8)   Other: 0.1ms
[2024-07-22T00:26:15.435+0800] GC(8) Eden regions: 38->0(39)
[2024-07-22T00:26:15.435+0800] GC(8) Survivor regions: 5->6(6)
[2024-07-22T00:26:15.435+0800] GC(8) Old regions: 126->149
[2024-07-22T00:26:15.435+0800] GC(8) Humongous regions: 0->0
[2024-07-22T00:26:15.435+0800] GC(8) Metaspace: 4685K(4864K)->4685K(4864K) NonClass: 4234K(4352K)->4234K(4352K) Class: 451K(512K)->451K(512K)
[2024-07-22T00:26:15.435+0800] GC(8) Pause Young (Normal) (G1 Evacuation Pause) 336M->307M(1578M) 63.120ms
[2024-07-22T00:26:15.435+0800] GC(8) User=0.16s Sys=0.08s Real=0.06s
[2024-07-22T00:26:15.795+0800] GC(9) Pause Young (Normal) (G1 Evacuation Pause)
[2024-07-22T00:26:15.796+0800] GC(9) Using 13 workers of 13 for evacuation
[2024-07-22T00:26:15.833+0800] GC(9)   Pre Evacuate Collection Set: 0.1ms
[2024-07-22T00:26:15.834+0800] GC(9)   Merge Heap Roots: 0.1ms
[2024-07-22T00:26:15.834+0800] GC(9)   Evacuate Collection Set: 37.5ms
[2024-07-22T00:26:15.834+0800] GC(9)   Post Evacuate Collection Set: 0.2ms
[2024-07-22T00:26:15.834+0800] GC(9)   Other: 0.1ms
[2024-07-22T00:26:15.834+0800] GC(9) Eden regions: 42->0(68)
[2024-07-22T00:26:15.834+0800] GC(9) Survivor regions: 6->6(6)
[2024-07-22T00:26:15.834+0800] GC(9) Old regions: 149->157
[2024-07-22T00:26:15.834+0800] GC(9) Humongous regions: 0->0
[2024-07-22T00:26:15.834+0800] GC(9) Metaspace: 4687K(4864K)->4687K(4864K) NonClass: 4236K(4352K)->4236K(4352K) Class: 451K(512K)->451K(512K)
[2024-07-22T00:26:15.834+0800] GC(9) Pause Young (Normal) (G1 Evacuation Pause) 391M->324M(1578M) 38.155ms
[2024-07-22T00:26:15.834+0800] GC(9) User=0.08s Sys=0.06s Real=0.04s
[2024-07-22T00:26:16.475+0800] GC(10) Pause Young (Normal) (G1 Evacuation Pause)
[2024-07-22T00:26:16.475+0800] GC(10) Using 13 workers of 13 for evacuation
[2024-07-22T00:26:16.515+0800] GC(10)   Pre Evacuate Collection Set: 0.1ms
[2024-07-22T00:26:16.515+0800] GC(10)   Merge Heap Roots: 0.1ms
[2024-07-22T00:26:16.515+0800] GC(10)   Evacuate Collection Set: 39.1ms
[2024-07-22T00:26:16.515+0800] GC(10)   Post Evacuate Collection Set: 0.2ms
[2024-07-22T00:26:16.515+0800] GC(10)   Other: 0.1ms
[2024-07-22T00:26:16.515+0800] GC(10) Eden regions: 80->0(98)
[2024-07-22T00:26:16.515+0800] GC(10) Survivor regions: 6->11(11)
[2024-07-22T00:26:16.515+0800] GC(10) Old regions: 157->167
[2024-07-22T00:26:16.515+0800] GC(10) Humongous regions: 0->0
[2024-07-22T00:26:16.515+0800] GC(10) Metaspace: 4701K(4864K)->4701K(4864K) NonClass: 4249K(4352K)->4249K(4352K) Class: 451K(512K)->451K(512K)
[2024-07-22T00:26:16.515+0800] GC(10) Pause Young (Normal) (G1 Evacuation Pause) 484M->353M(1578M) 39.808ms
[2024-07-22T00:26:16.515+0800] GC(10) User=0.10s Sys=0.08s Real=0.04s
[2024-07-22T00:26:17.025+0800] GC(11) Pause Young (Normal) (G1 Evacuation Pause)
[2024-07-22T00:26:17.025+0800] GC(11) Using 13 workers of 13 for evacuation
[2024-07-22T00:26:17.221+0800] GC(11)   Pre Evacuate Collection Set: 0.2ms
[2024-07-22T00:26:17.221+0800] GC(11)   Merge Heap Roots: 0.1ms
[2024-07-22T00:26:17.221+0800] GC(11)   Evacuate Collection Set: 195.1ms
[2024-07-22T00:26:17.221+0800] GC(11)   Post Evacuate Collection Set: 0.7ms
[2024-07-22T00:26:17.221+0800] GC(11)   Other: 0.1ms
[2024-07-22T00:26:17.221+0800] GC(11) Eden regions: 105->0(69)
[2024-07-22T00:26:17.221+0800] GC(11) Survivor regions: 11->15(15)
[2024-07-22T00:26:17.221+0800] GC(11) Old regions: 167->224
[2024-07-22T00:26:17.221+0800] GC(11) Humongous regions: 0->0
[2024-07-22T00:26:17.221+0800] GC(11) Metaspace: 8349K(8576K)->8349K(8576K) NonClass: 7513K(7616K)->7513K(7616K) Class: 836K(960K)->836K(960K)
[2024-07-22T00:26:17.221+0800] GC(11) Pause Young (Normal) (G1 Evacuation Pause) 563M->476M(1578M) 196.319ms
[2024-07-22T00:26:17.221+0800] GC(11) User=0.38s Sys=0.21s Real=0.20s
[2024-07-22T00:26:17.259+0800] GC(12) Pause Young (Normal) (G1 Evacuation Pause)
[2024-07-22T00:26:17.259+0800] GC(12) Using 13 workers of 13 for evacuation
[2024-07-22T00:26:17.294+0800] GC(12)   Pre Evacuate Collection Set: 0.2ms
[2024-07-22T00:26:17.294+0800] GC(12)   Merge Heap Roots: 0.9ms
[2024-07-22T00:26:17.294+0800] GC(12)   Evacuate Collection Set: 33.7ms
[2024-07-22T00:26:17.294+0800] GC(12)   Post Evacuate Collection Set: 0.5ms
[2024-07-22T00:26:17.294+0800] GC(12)   Other: 0.1ms
[2024-07-22T00:26:17.294+0800] GC(12) Eden regions: 24->0(34)
[2024-07-22T00:26:17.294+0800] GC(12) Survivor regions: 15->5(5)
[2024-07-22T00:26:17.294+0800] GC(12) Old regions: 224->250
[2024-07-22T00:26:17.294+0800] GC(12) Humongous regions: 0->0
[2024-07-22T00:26:17.294+0800] GC(12) Metaspace: 8351K(8576K)->8351K(8576K) NonClass: 7515K(7616K)->7515K(7616K) Class: 836K(960K)->836K(960K)
[2024-07-22T00:26:17.294+0800] GC(12) Pause Young (Normal) (G1 Evacuation Pause) 524M->509M(1578M) 35.555ms
[2024-07-22T00:26:17.294+0800] GC(12) User=0.41s Sys=0.02s Real=0.04s
[2024-07-22T00:29:09.976+0800] GC(13) Pause Young (Normal) (G1 Evacuation Pause)
[2024-07-22T00:29:09.977+0800] GC(13) Using 13 workers of 13 for evacuation
[2024-07-22T00:29:09.989+0800] GC(13)   Pre Evacuate Collection Set: 0.1ms
[2024-07-22T00:29:09.989+0800] GC(13)   Merge Heap Roots: 0.1ms
[2024-07-22T00:29:09.989+0800] GC(13)   Evacuate Collection Set: 10.2ms
[2024-07-22T00:29:09.989+0800] GC(13)   Post Evacuate Collection Set: 2.0ms
[2024-07-22T00:29:09.989+0800] GC(13)   Other: 0.1ms
[2024-07-22T00:29:09.989+0800] GC(13) Eden regions: 114->0(44)
[2024-07-22T00:29:09.989+0800] GC(13) Survivor regions: 5->15(15)
[2024-07-22T00:29:09.989+0800] GC(13) Old regions: 250->262
[2024-07-22T00:29:09.989+0800] GC(13) Humongous regions: 0->0
[2024-07-22T00:29:09.989+0800] GC(13) Metaspace: 8667K(8960K)->8667K(8960K) NonClass: 7828K(8000K)->7828K(8000K) Class: 838K(960K)->838K(960K)
[2024-07-22T00:29:09.989+0800] GC(13) Pause Young (Normal) (G1 Evacuation Pause) 737M->552M(2360M) 13.414ms
[2024-07-22T00:29:09.989+0800] GC(13) User=0.11s Sys=0.01s Real=0.01s
[2024-07-22T00:30:08.079+0800] Heap
[2024-07-22T00:30:08.079+0800]  garbage-first heap   total 2416640K, used 631583K [0x0000000700000000, 0x0000000800000000)
[2024-07-22T00:30:08.079+0800]   region size 2048K, 47 young (96256K), 15 survivors (30720K)
[2024-07-22T00:30:08.079+0800]  Metaspace       used 8737K, committed 8960K, reserved 1114112K
[2024-07-22T00:30:08.079+0800]   class space    used 851K, committed 960K, reserved 1048576K
