[2024-07-22T08:55:35.902+0800] CardTable entry size: 512
[2024-07-22T08:55:35.902+0800] Using G1
[2024-07-22T08:55:35.903+0800] Version: 21+35-LTS (release)
[2024-07-22T08:55:35.903+0800] CPUs: 16 total, 16 available
[2024-07-22T08:55:35.903+0800] Memory: 16384M
[2024-07-22T08:55:35.903+0800] Large Page Support: Disabled
[2024-07-22T08:55:35.903+0800] NUMA Support: Disabled
[2024-07-22T08:55:35.903+0800] Compressed Oops: Enabled (Zero based)
[2024-07-22T08:55:35.903+0800] Heap Region Size: 2M
[2024-07-22T08:55:35.903+0800] Heap Min Capacity: 8M
[2024-07-22T08:55:35.903+0800] Heap Initial Capacity: 256M
[2024-07-22T08:55:35.903+0800] Heap Max Capacity: 4G
[2024-07-22T08:55:35.903+0800] Pre-touch: Disabled
[2024-07-22T08:55:35.903+0800] Parallel Workers: 13
[2024-07-22T08:55:35.903+0800] Concurrent Workers: 3
[2024-07-22T08:55:35.903+0800] Concurrent Refinement Workers: 13
[2024-07-22T08:55:35.903+0800] Periodic GC: Disabled
[2024-07-22T08:55:35.951+0800] CDS archive(s) mapped at: [0x0000000124000000-0x0000000124ca0000-0x0000000124ca0000), size 13238272, SharedBaseAddress: 0x0000000124000000, ArchiveRelocationMode: 1.
[2024-07-22T08:55:35.951+0800] Compressed class space mapped at: 0x0000000125000000-0x0000000165000000, reserved size: 1073741824
[2024-07-22T08:55:35.951+0800] Narrow klass base: 0x0000000124000000, Narrow klass shift: 0, Narrow klass range: 0x100000000
[2024-07-22T08:55:36.352+0800] GC(0) Pause Young (Normal) (G1 Evacuation Pause)
[2024-07-22T08:55:36.353+0800] GC(0) Using 6 workers of 13 for evacuation
[2024-07-22T08:55:36.362+0800] GC(0)   Pre Evacuate Collection Set: 0.2ms
[2024-07-22T08:55:36.362+0800] GC(0)   Merge Heap Roots: 0.2ms
[2024-07-22T08:55:36.363+0800] GC(0)   Evacuate Collection Set: 8.3ms
[2024-07-22T08:55:36.363+0800] GC(0)   Post Evacuate Collection Set: 0.6ms
[2024-07-22T08:55:36.363+0800] GC(0)   Other: 0.7ms
[2024-07-22T08:55:36.363+0800] GC(0) Eden regions: 11->0(6)
[2024-07-22T08:55:36.363+0800] GC(0) Survivor regions: 0->2(2)
[2024-07-22T08:55:36.363+0800] GC(0) Old regions: 1->7
[2024-07-22T08:55:36.363+0800] GC(0) Humongous regions: 0->0
[2024-07-22T08:55:36.363+0800] GC(0) Metaspace: 4242K(4416K)->4242K(4416K) NonClass: 3818K(3904K)->3818K(3904K) Class: 424K(512K)->424K(512K)
[2024-07-22T08:55:36.363+0800] GC(0) Pause Young (Normal) (G1 Evacuation Pause) 23M->16M(258M) 10.313ms
[2024-07-22T08:55:36.363+0800] GC(0) User=0.04s Sys=0.02s Real=0.01s
[2024-07-22T08:55:36.436+0800] GC(1) Pause Young (Normal) (G1 Evacuation Pause)
[2024-07-22T08:55:36.436+0800] GC(1) Using 6 workers of 13 for evacuation
[2024-07-22T08:55:36.446+0800] GC(1)   Pre Evacuate Collection Set: 0.1ms
[2024-07-22T08:55:36.446+0800] GC(1)   Merge Heap Roots: 0.1ms
[2024-07-22T08:55:36.447+0800] GC(1)   Evacuate Collection Set: 9.5ms
[2024-07-22T08:55:36.447+0800] GC(1)   Post Evacuate Collection Set: 0.2ms
[2024-07-22T08:55:36.447+0800] GC(1)   Other: 0.1ms
[2024-07-22T08:55:36.447+0800] GC(1) Eden regions: 6->0(6)
[2024-07-22T08:55:36.447+0800] GC(1) Survivor regions: 2->1(1)
[2024-07-22T08:55:36.447+0800] GC(1) Old regions: 7->13
[2024-07-22T08:55:36.447+0800] GC(1) Humongous regions: 0->0
[2024-07-22T08:55:36.447+0800] GC(1) Metaspace: 4243K(4416K)->4243K(4416K) NonClass: 3819K(3904K)->3819K(3904K) Class: 424K(512K)->424K(512K)
[2024-07-22T08:55:36.447+0800] GC(1) Pause Young (Normal) (G1 Evacuation Pause) 28M->27M(258M) 10.381ms
[2024-07-22T08:55:36.447+0800] GC(1) User=0.05s Sys=0.01s Real=0.01s
[2024-07-22T08:55:36.563+0800] GC(2) Pause Young (Normal) (G1 Evacuation Pause)
[2024-07-22T08:55:36.563+0800] GC(2) Using 6 workers of 13 for evacuation
[2024-07-22T08:55:36.578+0800] GC(2)   Pre Evacuate Collection Set: 0.1ms
[2024-07-22T08:55:36.578+0800] GC(2)   Merge Heap Roots: 0.1ms
[2024-07-22T08:55:36.578+0800] GC(2)   Evacuate Collection Set: 14.2ms
[2024-07-22T08:55:36.578+0800] GC(2)   Post Evacuate Collection Set: 0.3ms
[2024-07-22T08:55:36.578+0800] GC(2)   Other: 0.1ms
[2024-07-22T08:55:36.578+0800] GC(2) Eden regions: 14->0(10)
[2024-07-22T08:55:36.578+0800] GC(2) Survivor regions: 1->2(2)
[2024-07-22T08:55:36.578+0800] GC(2) Old regions: 13->26
[2024-07-22T08:55:36.578+0800] GC(2) Humongous regions: 0->0
[2024-07-22T08:55:36.578+0800] GC(2) Metaspace: 4243K(4416K)->4243K(4416K) NonClass: 3819K(3904K)->3819K(3904K) Class: 424K(512K)->424K(512K)
[2024-07-22T08:55:36.578+0800] GC(2) Pause Young (Normal) (G1 Evacuation Pause) 55M->53M(258M) 15.177ms
[2024-07-22T08:55:36.578+0800] GC(2) User=0.06s Sys=0.02s Real=0.01s
[2024-07-22T08:55:36.669+0800] GC(3) Pause Young (Normal) (G1 Evacuation Pause)
[2024-07-22T08:55:36.669+0800] GC(3) Using 6 workers of 13 for evacuation
[2024-07-22T08:55:36.684+0800] GC(3)   Pre Evacuate Collection Set: 0.1ms
[2024-07-22T08:55:36.684+0800] GC(3)   Merge Heap Roots: 0.1ms
[2024-07-22T08:55:36.684+0800] GC(3)   Evacuate Collection Set: 14.1ms
[2024-07-22T08:55:36.684+0800] GC(3)   Post Evacuate Collection Set: 0.3ms
[2024-07-22T08:55:36.684+0800] GC(3)   Other: 0.1ms
[2024-07-22T08:55:36.684+0800] GC(3) Eden regions: 14->0(14)
[2024-07-22T08:55:36.684+0800] GC(3) Survivor regions: 2->2(2)
[2024-07-22T08:55:36.684+0800] GC(3) Old regions: 26->39
[2024-07-22T08:55:36.684+0800] GC(3) Humongous regions: 0->0
[2024-07-22T08:55:36.684+0800] GC(3) Metaspace: 4257K(4416K)->4257K(4416K) NonClass: 3833K(3904K)->3833K(3904K) Class: 424K(512K)->424K(512K)
[2024-07-22T08:55:36.684+0800] GC(3) Pause Young (Normal) (G1 Evacuation Pause) 81M->80M(258M) 15.023ms
[2024-07-22T08:55:36.684+0800] GC(3) User=0.06s Sys=0.01s Real=0.02s
[2024-07-22T08:55:36.757+0800] GC(4) Pause Young (Normal) (G1 Evacuation Pause)
[2024-07-22T08:55:36.757+0800] GC(4) Using 6 workers of 13 for evacuation
[2024-07-22T08:55:36.775+0800] GC(4)   Pre Evacuate Collection Set: 0.1ms
[2024-07-22T08:55:36.775+0800] GC(4)   Merge Heap Roots: 0.1ms
[2024-07-22T08:55:36.775+0800] GC(4)   Evacuate Collection Set: 17.2ms
[2024-07-22T08:55:36.775+0800] GC(4)   Post Evacuate Collection Set: 0.8ms
[2024-07-22T08:55:36.775+0800] GC(4)   Other: 0.1ms
[2024-07-22T08:55:36.775+0800] GC(4) Eden regions: 19->0(20)
[2024-07-22T08:55:36.775+0800] GC(4) Survivor regions: 2->3(3)
[2024-07-22T08:55:36.775+0800] GC(4) Old regions: 39->56
[2024-07-22T08:55:36.775+0800] GC(4) Humongous regions: 0->0
[2024-07-22T08:55:36.775+0800] GC(4) Metaspace: 4258K(4416K)->4258K(4416K) NonClass: 3834K(3904K)->3834K(3904K) Class: 424K(512K)->424K(512K)
[2024-07-22T08:55:36.775+0800] GC(4) Pause Young (Normal) (G1 Evacuation Pause) 118M->116M(516M) 18.551ms
[2024-07-22T08:55:36.775+0800] GC(4) User=0.08s Sys=0.02s Real=0.02s
[2024-07-22T08:55:36.898+0800] GC(5) Pause Young (Normal) (G1 Evacuation Pause)
[2024-07-22T08:55:36.898+0800] GC(5) Using 12 workers of 13 for evacuation
[2024-07-22T08:55:36.983+0800] GC(5)   Pre Evacuate Collection Set: 0.1ms
[2024-07-22T08:55:36.983+0800] GC(5)   Merge Heap Roots: 0.0ms
[2024-07-22T08:55:36.983+0800] GC(5)   Evacuate Collection Set: 84.1ms
[2024-07-22T08:55:36.983+0800] GC(5)   Post Evacuate Collection Set: 0.1ms
[2024-07-22T08:55:36.983+0800] GC(5)   Other: 0.4ms
[2024-07-22T08:55:36.983+0800] GC(5) Eden regions: 25->0(23)
[2024-07-22T08:55:36.983+0800] GC(5) Survivor regions: 3->4(4)
[2024-07-22T08:55:36.983+0800] GC(5) Old regions: 56->79
[2024-07-22T08:55:36.983+0800] GC(5) Humongous regions: 0->0
[2024-07-22T08:55:36.983+0800] GC(5) Metaspace: 4258K(4416K)->4258K(4416K) NonClass: 3834K(3904K)->3834K(3904K) Class: 424K(512K)->424K(512K)
[2024-07-22T08:55:36.983+0800] GC(5) Pause Young (Normal) (G1 Evacuation Pause) 166M->165M(516M) 84.995ms
[2024-07-22T08:55:36.983+0800] GC(5) User=0.14s Sys=0.07s Real=0.09s
[2024-07-22T08:55:37.109+0800] GC(6) Pause Young (Normal) (G1 Evacuation Pause)
[2024-07-22T08:55:37.109+0800] GC(6) Using 12 workers of 13 for evacuation
[2024-07-22T08:55:37.217+0800] GC(6)   Pre Evacuate Collection Set: 0.1ms
[2024-07-22T08:55:37.217+0800] GC(6)   Merge Heap Roots: 0.1ms
[2024-07-22T08:55:37.217+0800] GC(6)   Evacuate Collection Set: 107.7ms
[2024-07-22T08:55:37.217+0800] GC(6)   Post Evacuate Collection Set: 0.2ms
[2024-07-22T08:55:37.218+0800] GC(6)   Other: 0.1ms
[2024-07-22T08:55:37.218+0800] GC(6) Eden regions: 27->0(25)
[2024-07-22T08:55:37.218+0800] GC(6) Survivor regions: 4->4(4)
[2024-07-22T08:55:37.218+0800] GC(6) Old regions: 79->106
[2024-07-22T08:55:37.218+0800] GC(6) Humongous regions: 0->0
[2024-07-22T08:55:37.218+0800] GC(6) Metaspace: 4258K(4416K)->4258K(4416K) NonClass: 3834K(3904K)->3834K(3904K) Class: 424K(512K)->424K(512K)
[2024-07-22T08:55:37.218+0800] GC(6) Pause Young (Normal) (G1 Evacuation Pause) 219M->218M(516M) 108.315ms
[2024-07-22T08:55:37.218+0800] GC(6) User=0.15s Sys=0.08s Real=0.11s
[2024-07-22T08:55:37.345+0800] GC(7) Pause Young (Normal) (G1 Evacuation Pause)
[2024-07-22T08:55:37.345+0800] GC(7) Using 12 workers of 13 for evacuation
[2024-07-22T08:55:37.359+0800] GC(7)   Pre Evacuate Collection Set: 0.1ms
[2024-07-22T08:55:37.359+0800] GC(7)   Merge Heap Roots: 0.1ms
[2024-07-22T08:55:37.359+0800] GC(7)   Evacuate Collection Set: 13.9ms
[2024-07-22T08:55:37.359+0800] GC(7)   Post Evacuate Collection Set: 0.4ms
[2024-07-22T08:55:37.359+0800] GC(7)   Other: 0.1ms
[2024-07-22T08:55:37.359+0800] GC(7) Eden regions: 28->0(33)
[2024-07-22T08:55:37.359+0800] GC(7) Survivor regions: 4->4(4)
[2024-07-22T08:55:37.360+0800] GC(7) Old regions: 106->133
[2024-07-22T08:55:37.360+0800] GC(7) Humongous regions: 0->0
[2024-07-22T08:55:37.360+0800] GC(7) Metaspace: 4258K(4416K)->4258K(4416K) NonClass: 3834K(3904K)->3834K(3904K) Class: 424K(512K)->424K(512K)
[2024-07-22T08:55:37.360+0800] GC(7) Pause Young (Normal) (G1 Evacuation Pause) 274M->272M(516M) 14.791ms
[2024-07-22T08:55:37.360+0800] GC(7) User=0.16s Sys=0.00s Real=0.02s
[2024-07-22T08:55:37.670+0800] GC(8) Pause Young (Concurrent Start) (G1 Evacuation Pause)
[2024-07-22T08:55:37.670+0800] GC(8) Using 12 workers of 13 for evacuation
[2024-07-22T08:55:37.702+0800] GC(8)   Pre Evacuate Collection Set: 0.2ms
[2024-07-22T08:55:37.702+0800] GC(8)   Merge Heap Roots: 0.1ms
[2024-07-22T08:55:37.702+0800] GC(8)   Evacuate Collection Set: 23.9ms
[2024-07-22T08:55:37.702+0800] GC(8)   Post Evacuate Collection Set: 7.9ms
[2024-07-22T08:55:37.702+0800] GC(8)   Other: 0.1ms
[2024-07-22T08:55:37.702+0800] GC(8) Eden regions: 36->0(42)
[2024-07-22T08:55:37.702+0800] GC(8) Survivor regions: 4->5(5)
[2024-07-22T08:55:37.702+0800] GC(8) Old regions: 133->152
[2024-07-22T08:55:37.702+0800] GC(8) Humongous regions: 0->0
[2024-07-22T08:55:37.702+0800] GC(8) Metaspace: 4691K(4864K)->4691K(4864K) NonClass: 4239K(4352K)->4239K(4352K) Class: 451K(512K)->451K(512K)
[2024-07-22T08:55:37.702+0800] GC(8) Pause Young (Concurrent Start) (G1 Evacuation Pause) 344M->313M(1548M) 32.287ms
[2024-07-22T08:55:37.702+0800] GC(8) User=0.14s Sys=0.07s Real=0.03s
[2024-07-22T08:55:37.702+0800] GC(9) Concurrent Mark Cycle
[2024-07-22T08:55:37.702+0800] GC(9) Concurrent Scan Root Regions
[2024-07-22T08:55:37.715+0800] GC(9) Concurrent Scan Root Regions 13.357ms
[2024-07-22T08:55:37.715+0800] GC(9) Concurrent Mark
[2024-07-22T08:55:37.715+0800] GC(9) Concurrent Mark From Roots
[2024-07-22T08:55:37.715+0800] GC(9) Using 3 workers of 3 for marking
[2024-07-22T08:55:37.851+0800] GC(9) Concurrent Mark From Roots 135.394ms
[2024-07-22T08:55:37.851+0800] GC(9) Concurrent Preclean
[2024-07-22T08:55:37.851+0800] GC(9) Concurrent Preclean 0.017ms
[2024-07-22T08:55:37.851+0800] GC(9) Pause Remark
[2024-07-22T08:55:37.852+0800] GC(9) Pause Remark 346M->346M(1160M) 1.008ms
[2024-07-22T08:55:37.852+0800] GC(9) User=0.01s Sys=0.00s Real=0.00s
[2024-07-22T08:55:37.852+0800] GC(9) Concurrent Mark 136.634ms
[2024-07-22T08:55:37.852+0800] GC(9) Concurrent Rebuild Remembered Sets and Scrub Regions
[2024-07-22T08:55:37.892+0800] GC(9) Concurrent Rebuild Remembered Sets and Scrub Regions 40.551ms
[2024-07-22T08:55:37.893+0800] GC(9) Pause Cleanup
[2024-07-22T08:55:37.893+0800] GC(9) Pause Cleanup 355M->355M(1160M) 0.191ms
[2024-07-22T08:55:37.893+0800] GC(9) User=0.00s Sys=0.00s Real=0.00s
[2024-07-22T08:55:37.893+0800] GC(9) Concurrent Clear Claimed Marks
[2024-07-22T08:55:37.893+0800] GC(9) Concurrent Clear Claimed Marks 0.011ms
[2024-07-22T08:55:37.893+0800] GC(9) Concurrent Cleanup for Next Mark
[2024-07-22T08:55:37.903+0800] GC(9) Concurrent Cleanup for Next Mark 10.282ms
[2024-07-22T08:55:37.903+0800] GC(9) Concurrent Mark Cycle 201.439ms
[2024-07-22T08:55:38.107+0800] GC(10) Pause Young (Prepare Mixed) (G1 Evacuation Pause)
[2024-07-22T08:55:38.107+0800] GC(10) Using 13 workers of 13 for evacuation
[2024-07-22T08:55:38.120+0800] GC(10)   Pre Evacuate Collection Set: 0.1ms
[2024-07-22T08:55:38.120+0800] GC(10)   Merge Heap Roots: 0.1ms
[2024-07-22T08:55:38.120+0800] GC(10)   Evacuate Collection Set: 12.4ms
[2024-07-22T08:55:38.120+0800] GC(10)   Post Evacuate Collection Set: 0.2ms
[2024-07-22T08:55:38.120+0800] GC(10)   Other: 0.1ms
[2024-07-22T08:55:38.120+0800] GC(10) Eden regions: 45->0(106)
[2024-07-22T08:55:38.120+0800] GC(10) Survivor regions: 5->7(7)
[2024-07-22T08:55:38.120+0800] GC(10) Old regions: 152->160
[2024-07-22T08:55:38.120+0800] GC(10) Humongous regions: 0->0
[2024-07-22T08:55:38.120+0800] GC(10) Metaspace: 4692K(4864K)->4692K(4864K) NonClass: 4240K(4352K)->4240K(4352K) Class: 451K(512K)->451K(512K)
[2024-07-22T08:55:38.120+0800] GC(10) Pause Young (Prepare Mixed) (G1 Evacuation Pause) 403M->331M(1160M) 13.195ms
[2024-07-22T08:55:38.120+0800] GC(10) User=0.08s Sys=0.04s Real=0.02s
[2024-07-22T08:55:40.019+0800] GC(11) Pause Young (Mixed) (G1 Evacuation Pause)
[2024-07-22T08:55:40.019+0800] GC(11) Using 13 workers of 13 for evacuation
[2024-07-22T08:55:40.050+0800] GC(11)   Pre Evacuate Collection Set: 0.2ms
[2024-07-22T08:55:40.050+0800] GC(11)   Merge Heap Roots: 0.1ms
[2024-07-22T08:55:40.050+0800] GC(11)   Evacuate Collection Set: 30.4ms
[2024-07-22T08:55:40.050+0800] GC(11)   Post Evacuate Collection Set: 0.3ms
[2024-07-22T08:55:40.050+0800] GC(11)   Other: 0.1ms
[2024-07-22T08:55:40.050+0800] GC(11) Eden regions: 117->0(107)
[2024-07-22T08:55:40.050+0800] GC(11) Survivor regions: 7->16(16)
[2024-07-22T08:55:40.050+0800] GC(11) Old regions: 160->164
[2024-07-22T08:55:40.050+0800] GC(11) Humongous regions: 0->0
[2024-07-22T08:55:40.050+0800] GC(11) Metaspace: 8460K(8704K)->8460K(8704K) NonClass: 7620K(7744K)->7620K(7744K) Class: 839K(960K)->839K(960K)
[2024-07-22T08:55:40.050+0800] GC(11) Pause Young (Mixed) (G1 Evacuation Pause) 565M->358M(1160M) 31.266ms
[2024-07-22T08:55:40.050+0800] GC(11) User=0.12s Sys=0.10s Real=0.04s
[2024-07-22T08:55:42.000+0800] GC(12) Pause Young (Normal) (G1 Evacuation Pause)
[2024-07-22T08:55:42.000+0800] GC(12) Using 13 workers of 13 for evacuation
[2024-07-22T08:55:42.017+0800] GC(12)   Pre Evacuate Collection Set: 0.1ms
[2024-07-22T08:55:42.017+0800] GC(12)   Merge Heap Roots: 0.1ms
[2024-07-22T08:55:42.017+0800] GC(12)   Evacuate Collection Set: 16.4ms
[2024-07-22T08:55:42.017+0800] GC(12)   Post Evacuate Collection Set: 0.4ms
[2024-07-22T08:55:42.017+0800] GC(12)   Other: 0.1ms
[2024-07-22T08:55:42.017+0800] GC(12) Eden regions: 116->0(245)
[2024-07-22T08:55:42.017+0800] GC(12) Survivor regions: 16->4(17)
[2024-07-22T08:55:42.017+0800] GC(12) Old regions: 164->181
[2024-07-22T08:55:42.017+0800] GC(12) Humongous regions: 0->0
[2024-07-22T08:55:42.017+0800] GC(12) Metaspace: 8484K(8768K)->8484K(8768K) NonClass: 7644K(7808K)->7644K(7808K) Class: 839K(960K)->839K(960K)
[2024-07-22T08:55:42.017+0800] GC(12) Pause Young (Normal) (G1 Evacuation Pause) 590M->367M(1160M) 17.366ms
[2024-07-22T08:55:42.017+0800] GC(12) User=0.09s Sys=0.07s Real=0.01s
[2024-07-22T08:55:47.195+0800] GC(13) Pause Young (Normal) (G1 Evacuation Pause)
[2024-07-22T08:55:47.196+0800] GC(13) Using 13 workers of 13 for evacuation
[2024-07-22T08:55:47.198+0800] GC(13)   Pre Evacuate Collection Set: 0.2ms
[2024-07-22T08:55:47.198+0800] GC(13)   Merge Heap Roots: 0.1ms
[2024-07-22T08:55:47.198+0800] GC(13)   Evacuate Collection Set: 1.1ms
[2024-07-22T08:55:47.198+0800] GC(13)   Post Evacuate Collection Set: 0.5ms
[2024-07-22T08:55:47.198+0800] GC(13)   Other: 0.2ms
[2024-07-22T08:55:47.198+0800] GC(13) Eden regions: 257->0(342)
[2024-07-22T08:55:47.198+0800] GC(13) Survivor regions: 4->2(33)
[2024-07-22T08:55:47.198+0800] GC(13) Old regions: 181->181
[2024-07-22T08:55:47.198+0800] GC(13) Humongous regions: 0->0
[2024-07-22T08:55:47.198+0800] GC(13) Metaspace: 8551K(8768K)->8551K(8768K) NonClass: 7711K(7808K)->7711K(7808K) Class: 839K(960K)->839K(960K)
[2024-07-22T08:55:47.198+0800] GC(13) Pause Young (Normal) (G1 Evacuation Pause) 881M->362M(1160M) 3.047ms
[2024-07-22T08:55:47.198+0800] GC(13) User=0.01s Sys=0.01s Real=0.00s
[2024-07-22T08:55:47.864+0800] Heap
[2024-07-22T08:55:47.864+0800]  garbage-first heap   total 1187840K, used 428332K [0x0000000700000000, 0x0000000800000000)
[2024-07-22T08:55:47.864+0800]   region size 2048K, 31 young (63488K), 2 survivors (4096K)
[2024-07-22T08:55:47.864+0800]  Metaspace       used 8626K, committed 8896K, reserved 1114112K
[2024-07-22T08:55:47.864+0800]   class space    used 852K, committed 960K, reserved 1048576K
