[2024-07-22T09:08:12.367+0800] CardTable entry size: 512
[2024-07-22T09:08:12.367+0800] Using G1
[2024-07-22T09:08:12.369+0800] Version: 21+35-LTS (release)
[2024-07-22T09:08:12.369+0800] CPUs: 16 total, 16 available
[2024-07-22T09:08:12.369+0800] Memory: 16384M
[2024-07-22T09:08:12.369+0800] Large Page Support: Disabled
[2024-07-22T09:08:12.369+0800] NUMA Support: Disabled
[2024-07-22T09:08:12.369+0800] Compressed Oops: Enabled (Zero based)
[2024-07-22T09:08:12.369+0800] Heap Region Size: 2M
[2024-07-22T09:08:12.369+0800] Heap Min Capacity: 8M
[2024-07-22T09:08:12.369+0800] Heap Initial Capacity: 256M
[2024-07-22T09:08:12.369+0800] Heap Max Capacity: 4G
[2024-07-22T09:08:12.369+0800] Pre-touch: Disabled
[2024-07-22T09:08:12.369+0800] Parallel Workers: 13
[2024-07-22T09:08:12.369+0800] Concurrent Workers: 3
[2024-07-22T09:08:12.369+0800] Concurrent Refinement Workers: 13
[2024-07-22T09:08:12.369+0800] Periodic GC: Disabled
[2024-07-22T09:08:12.418+0800] CDS archive(s) mapped at: [0x0000000130000000-0x0000000130ca0000-0x0000000130ca0000), size 13238272, SharedBaseAddress: 0x0000000130000000, ArchiveRelocationMode: 1.
[2024-07-22T09:08:12.418+0800] Compressed class space mapped at: 0x0000000131000000-0x0000000171000000, reserved size: 1073741824
[2024-07-22T09:08:12.418+0800] Narrow klass base: 0x0000000130000000, Narrow klass shift: 0, Narrow klass range: 0x100000000
[2024-07-22T09:08:12.825+0800] GC(0) Pause Young (Normal) (G1 Evacuation Pause)
[2024-07-22T09:08:12.826+0800] GC(0) Using 6 workers of 13 for evacuation
[2024-07-22T09:08:12.835+0800] GC(0)   Pre Evacuate Collection Set: 0.1ms
[2024-07-22T09:08:12.835+0800] GC(0)   Merge Heap Roots: 0.1ms
[2024-07-22T09:08:12.835+0800] GC(0)   Evacuate Collection Set: 7.9ms
[2024-07-22T09:08:12.835+0800] GC(0)   Post Evacuate Collection Set: 0.6ms
[2024-07-22T09:08:12.835+0800] GC(0)   Other: 0.8ms
[2024-07-22T09:08:12.835+0800] GC(0) Eden regions: 11->0(6)
[2024-07-22T09:08:12.835+0800] GC(0) Survivor regions: 0->2(2)
[2024-07-22T09:08:12.835+0800] GC(0) Old regions: 1->7
[2024-07-22T09:08:12.835+0800] GC(0) Humongous regions: 0->0
[2024-07-22T09:08:12.835+0800] GC(0) Metaspace: 4229K(4416K)->4229K(4416K) NonClass: 3806K(3904K)->3806K(3904K) Class: 423K(512K)->423K(512K)
[2024-07-22T09:08:12.835+0800] GC(0) Pause Young (Normal) (G1 Evacuation Pause) 23M->15M(258M) 10.011ms
[2024-07-22T09:08:12.835+0800] GC(0) User=0.03s Sys=0.01s Real=0.01s
[2024-07-22T09:08:12.894+0800] GC(1) Pause Young (Normal) (G1 Evacuation Pause)
[2024-07-22T09:08:12.894+0800] GC(1) Using 6 workers of 13 for evacuation
[2024-07-22T09:08:12.904+0800] GC(1)   Pre Evacuate Collection Set: 0.1ms
[2024-07-22T09:08:12.904+0800] GC(1)   Merge Heap Roots: 0.2ms
[2024-07-22T09:08:12.904+0800] GC(1)   Evacuate Collection Set: 8.9ms
[2024-07-22T09:08:12.904+0800] GC(1)   Post Evacuate Collection Set: 0.4ms
[2024-07-22T09:08:12.904+0800] GC(1)   Other: 0.1ms
[2024-07-22T09:08:12.904+0800] GC(1) Eden regions: 6->0(6)
[2024-07-22T09:08:12.904+0800] GC(1) Survivor regions: 2->1(1)
[2024-07-22T09:08:12.904+0800] GC(1) Old regions: 7->13
[2024-07-22T09:08:12.904+0800] GC(1) Humongous regions: 0->0
[2024-07-22T09:08:12.904+0800] GC(1) Metaspace: 4230K(4416K)->4230K(4416K) NonClass: 3807K(3904K)->3807K(3904K) Class: 423K(512K)->423K(512K)
[2024-07-22T09:08:12.904+0800] GC(1) Pause Young (Normal) (G1 Evacuation Pause) 27M->27M(258M) 9.986ms
[2024-07-22T09:08:12.904+0800] GC(1) User=0.05s Sys=0.01s Real=0.01s
[2024-07-22T09:08:13.007+0800] GC(2) Pause Young (Normal) (G1 Evacuation Pause)
[2024-07-22T09:08:13.007+0800] GC(2) Using 6 workers of 13 for evacuation
[2024-07-22T09:08:13.058+0800] GC(2)   Pre Evacuate Collection Set: 0.2ms
[2024-07-22T09:08:13.058+0800] GC(2)   Merge Heap Roots: 0.1ms
[2024-07-22T09:08:13.058+0800] GC(2)   Evacuate Collection Set: 50.8ms
[2024-07-22T09:08:13.058+0800] GC(2)   Post Evacuate Collection Set: 0.1ms
[2024-07-22T09:08:13.058+0800] GC(2)   Other: 0.1ms
[2024-07-22T09:08:13.058+0800] GC(2) Eden regions: 14->0(9)
[2024-07-22T09:08:13.058+0800] GC(2) Survivor regions: 1->2(2)
[2024-07-22T09:08:13.058+0800] GC(2) Old regions: 13->26
[2024-07-22T09:08:13.058+0800] GC(2) Humongous regions: 0->0
[2024-07-22T09:08:13.058+0800] GC(2) Metaspace: 4230K(4416K)->4230K(4416K) NonClass: 3807K(3904K)->3807K(3904K) Class: 423K(512K)->423K(512K)
[2024-07-22T09:08:13.059+0800] GC(2) Pause Young (Normal) (G1 Evacuation Pause) 55M->53M(258M) 51.603ms
[2024-07-22T09:08:13.059+0800] GC(2) User=0.07s Sys=0.03s Real=0.05s
[2024-07-22T09:08:13.161+0800] GC(3) Pause Young (Normal) (G1 Evacuation Pause)
[2024-07-22T09:08:13.161+0800] GC(3) Using 6 workers of 13 for evacuation
[2024-07-22T09:08:13.182+0800] GC(3)   Pre Evacuate Collection Set: 0.1ms
[2024-07-22T09:08:13.182+0800] GC(3)   Merge Heap Roots: 0.1ms
[2024-07-22T09:08:13.182+0800] GC(3)   Evacuate Collection Set: 20.2ms
[2024-07-22T09:08:13.182+0800] GC(3)   Post Evacuate Collection Set: 0.2ms
[2024-07-22T09:08:13.182+0800] GC(3)   Other: 0.1ms
[2024-07-22T09:08:13.182+0800] GC(3) Eden regions: 14->0(13)
[2024-07-22T09:08:13.182+0800] GC(3) Survivor regions: 2->2(2)
[2024-07-22T09:08:13.182+0800] GC(3) Old regions: 26->39
[2024-07-22T09:08:13.182+0800] GC(3) Humongous regions: 0->0
[2024-07-22T09:08:13.182+0800] GC(3) Metaspace: 4245K(4416K)->4245K(4416K) NonClass: 3822K(3904K)->3822K(3904K) Class: 423K(512K)->423K(512K)
[2024-07-22T09:08:13.182+0800] GC(3) Pause Young (Normal) (G1 Evacuation Pause) 81M->81M(258M) 20.936ms
[2024-07-22T09:08:13.182+0800] GC(3) User=0.09s Sys=0.02s Real=0.02s
[2024-07-22T09:08:13.256+0800] GC(4) Pause Young (Normal) (G1 Evacuation Pause)
[2024-07-22T09:08:13.256+0800] GC(4) Using 6 workers of 13 for evacuation
[2024-07-22T09:08:13.276+0800] GC(4)   Pre Evacuate Collection Set: 0.1ms
[2024-07-22T09:08:13.276+0800] GC(4)   Merge Heap Roots: 0.1ms
[2024-07-22T09:08:13.276+0800] GC(4)   Evacuate Collection Set: 19.5ms
[2024-07-22T09:08:13.276+0800] GC(4)   Post Evacuate Collection Set: 1.0ms
[2024-07-22T09:08:13.276+0800] GC(4)   Other: 0.1ms
[2024-07-22T09:08:13.277+0800] GC(4) Eden regions: 18->0(19)
[2024-07-22T09:08:13.277+0800] GC(4) Survivor regions: 2->3(3)
[2024-07-22T09:08:13.277+0800] GC(4) Old regions: 39->55
[2024-07-22T09:08:13.277+0800] GC(4) Humongous regions: 0->0
[2024-07-22T09:08:13.277+0800] GC(4) Metaspace: 4246K(4416K)->4246K(4416K) NonClass: 3823K(3904K)->3823K(3904K) Class: 423K(512K)->423K(512K)
[2024-07-22T09:08:13.277+0800] GC(4) Pause Young (Normal) (G1 Evacuation Pause) 117M->115M(584M) 20.992ms
[2024-07-22T09:08:13.277+0800] GC(4) User=0.08s Sys=0.03s Real=0.02s
[2024-07-22T09:08:13.389+0800] GC(5) Pause Young (Normal) (G1 Evacuation Pause)
[2024-07-22T09:08:13.390+0800] GC(5) Using 13 workers of 13 for evacuation
[2024-07-22T09:08:13.423+0800] GC(5)   Pre Evacuate Collection Set: 0.1ms
[2024-07-22T09:08:13.423+0800] GC(5)   Merge Heap Roots: 0.1ms
[2024-07-22T09:08:13.423+0800] GC(5)   Evacuate Collection Set: 32.7ms
[2024-07-22T09:08:13.423+0800] GC(5)   Post Evacuate Collection Set: 0.4ms
[2024-07-22T09:08:13.423+0800] GC(5)   Other: 0.5ms
[2024-07-22T09:08:13.423+0800] GC(5) Eden regions: 23->0(23)
[2024-07-22T09:08:13.423+0800] GC(5) Survivor regions: 3->4(4)
[2024-07-22T09:08:13.423+0800] GC(5) Old regions: 55->76
[2024-07-22T09:08:13.423+0800] GC(5) Humongous regions: 0->0
[2024-07-22T09:08:13.423+0800] GC(5) Metaspace: 4246K(4416K)->4246K(4416K) NonClass: 3823K(3904K)->3823K(3904K) Class: 423K(512K)->423K(512K)
[2024-07-22T09:08:13.423+0800] GC(5) Pause Young (Normal) (G1 Evacuation Pause) 161M->158M(584M) 34.050ms
[2024-07-22T09:08:13.423+0800] GC(5) User=0.16s Sys=0.08s Real=0.04s
[2024-07-22T09:08:13.537+0800] GC(6) Pause Young (Normal) (G1 Evacuation Pause)
[2024-07-22T09:08:13.537+0800] GC(6) Using 13 workers of 13 for evacuation
[2024-07-22T09:08:13.584+0800] GC(6)   Pre Evacuate Collection Set: 0.2ms
[2024-07-22T09:08:13.584+0800] GC(6)   Merge Heap Roots: 0.1ms
[2024-07-22T09:08:13.584+0800] GC(6)   Evacuate Collection Set: 46.4ms
[2024-07-22T09:08:13.584+0800] GC(6)   Post Evacuate Collection Set: 0.1ms
[2024-07-22T09:08:13.584+0800] GC(6)   Other: 0.1ms
[2024-07-22T09:08:13.584+0800] GC(6) Eden regions: 27->0(29)
[2024-07-22T09:08:13.584+0800] GC(6) Survivor regions: 4->4(4)
[2024-07-22T09:08:13.584+0800] GC(6) Old regions: 76->102
[2024-07-22T09:08:13.584+0800] GC(6) Humongous regions: 0->0
[2024-07-22T09:08:13.584+0800] GC(6) Metaspace: 4246K(4416K)->4246K(4416K) NonClass: 3823K(3904K)->3823K(3904K) Class: 423K(512K)->423K(512K)
[2024-07-22T09:08:13.584+0800] GC(6) Pause Young (Normal) (G1 Evacuation Pause) 212M->211M(584M) 47.052ms
[2024-07-22T09:08:13.584+0800] GC(6) User=0.17s Sys=0.09s Real=0.05s
[2024-07-22T09:08:13.714+0800] GC(7) Pause Young (Normal) (G1 Evacuation Pause)
[2024-07-22T09:08:13.714+0800] GC(7) Using 13 workers of 13 for evacuation
[2024-07-22T09:08:13.732+0800] GC(7)   Pre Evacuate Collection Set: 0.2ms
[2024-07-22T09:08:13.732+0800] GC(7)   Merge Heap Roots: 0.1ms
[2024-07-22T09:08:13.732+0800] GC(7)   Evacuate Collection Set: 17.4ms
[2024-07-22T09:08:13.732+0800] GC(7)   Post Evacuate Collection Set: 0.2ms
[2024-07-22T09:08:13.732+0800] GC(7)   Other: 0.1ms
[2024-07-22T09:08:13.732+0800] GC(7) Eden regions: 32->0(37)
[2024-07-22T09:08:13.732+0800] GC(7) Survivor regions: 4->5(5)
[2024-07-22T09:08:13.732+0800] GC(7) Old regions: 102->131
[2024-07-22T09:08:13.732+0800] GC(7) Humongous regions: 0->0
[2024-07-22T09:08:13.732+0800] GC(7) Metaspace: 4246K(4416K)->4246K(4416K) NonClass: 3823K(3904K)->3823K(3904K) Class: 423K(512K)->423K(512K)
[2024-07-22T09:08:13.732+0800] GC(7) Pause Young (Normal) (G1 Evacuation Pause) 275M->270M(584M) 18.242ms
[2024-07-22T09:08:13.732+0800] GC(7) User=0.19s Sys=0.02s Real=0.02s
[2024-07-22T09:08:14.083+0800] GC(8) Pause Young (Normal) (G1 Evacuation Pause)
[2024-07-22T09:08:14.083+0800] GC(8) Using 13 workers of 13 for evacuation
[2024-07-22T09:08:14.130+0800] GC(8)   Pre Evacuate Collection Set: 0.1ms
[2024-07-22T09:08:14.131+0800] GC(8)   Merge Heap Roots: 0.1ms
[2024-07-22T09:08:14.131+0800] GC(8)   Evacuate Collection Set: 44.2ms
[2024-07-22T09:08:14.131+0800] GC(8)   Post Evacuate Collection Set: 3.1ms
[2024-07-22T09:08:14.131+0800] GC(8)   Other: 0.1ms
[2024-07-22T09:08:14.131+0800] GC(8) Eden regions: 41->0(44)
[2024-07-22T09:08:14.131+0800] GC(8) Survivor regions: 5->6(6)
[2024-07-22T09:08:14.131+0800] GC(8) Old regions: 131->150
[2024-07-22T09:08:14.131+0800] GC(8) Humongous regions: 0->0
[2024-07-22T09:08:14.131+0800] GC(8) Metaspace: 4678K(4864K)->4678K(4864K) NonClass: 4228K(4352K)->4228K(4352K) Class: 450K(512K)->450K(512K)
[2024-07-22T09:08:14.131+0800] GC(8) Pause Young (Normal) (G1 Evacuation Pause) 352M->311M(1464M) 47.716ms
[2024-07-22T09:08:14.131+0800] GC(8) User=0.16s Sys=0.09s Real=0.05s
[2024-07-22T09:08:14.568+0800] GC(9) Pause Young (Normal) (G1 Evacuation Pause)
[2024-07-22T09:08:14.568+0800] GC(9) Using 13 workers of 13 for evacuation
[2024-07-22T09:08:14.595+0800] GC(9)   Pre Evacuate Collection Set: 0.1ms
[2024-07-22T09:08:14.595+0800] GC(9)   Merge Heap Roots: 0.1ms
[2024-07-22T09:08:14.595+0800] GC(9)   Evacuate Collection Set: 26.6ms
[2024-07-22T09:08:14.595+0800] GC(9)   Post Evacuate Collection Set: 0.2ms
[2024-07-22T09:08:14.596+0800] GC(9)   Other: 0.1ms
[2024-07-22T09:08:14.596+0800] GC(9) Eden regions: 48->0(92)
[2024-07-22T09:08:14.596+0800] GC(9) Survivor regions: 6->7(7)
[2024-07-22T09:08:14.596+0800] GC(9) Old regions: 150->159
[2024-07-22T09:08:14.596+0800] GC(9) Humongous regions: 0->0
[2024-07-22T09:08:14.596+0800] GC(9) Metaspace: 4680K(4864K)->4680K(4864K) NonClass: 4230K(4352K)->4230K(4352K) Class: 450K(512K)->450K(512K)
[2024-07-22T09:08:14.596+0800] GC(9) Pause Young (Normal) (G1 Evacuation Pause) 407M->329M(1464M) 27.223ms
[2024-07-22T09:08:14.596+0800] GC(9) User=0.08s Sys=0.06s Real=0.03s
[2024-07-22T09:08:15.729+0800] GC(10) Pause Young (Normal) (G1 Evacuation Pause)
[2024-07-22T09:08:15.729+0800] GC(10) Using 13 workers of 13 for evacuation
[2024-07-22T09:08:15.775+0800] GC(10)   Pre Evacuate Collection Set: 0.2ms
[2024-07-22T09:08:15.775+0800] GC(10)   Merge Heap Roots: 0.1ms
[2024-07-22T09:08:15.775+0800] GC(10)   Evacuate Collection Set: 45.0ms
[2024-07-22T09:08:15.775+0800] GC(10)   Post Evacuate Collection Set: 0.3ms
[2024-07-22T09:08:15.775+0800] GC(10)   Other: 0.1ms
[2024-07-22T09:08:15.775+0800] GC(10) Eden regions: 104->0(113)
[2024-07-22T09:08:15.775+0800] GC(10) Survivor regions: 7->14(14)
[2024-07-22T09:08:15.775+0800] GC(10) Old regions: 159->168
[2024-07-22T09:08:15.775+0800] GC(10) Humongous regions: 0->0
[2024-07-22T09:08:15.775+0800] GC(10) Metaspace: 8461K(8704K)->8461K(8704K) NonClass: 7621K(7744K)->7621K(7744K) Class: 839K(960K)->839K(960K)
[2024-07-22T09:08:15.775+0800] GC(10) Pause Young (Normal) (G1 Evacuation Pause) 537M->361M(1464M) 46.269ms
[2024-07-22T09:08:15.775+0800] GC(10) User=0.11s Sys=0.10s Real=0.05s
[2024-07-22T09:08:17.434+0800] GC(11) Pause Young (Normal) (G1 Evacuation Pause)
[2024-07-22T09:08:17.434+0800] GC(11) Using 13 workers of 13 for evacuation
[2024-07-22T09:08:17.459+0800] GC(11)   Pre Evacuate Collection Set: 0.1ms
[2024-07-22T09:08:17.459+0800] GC(11)   Merge Heap Roots: 0.1ms
[2024-07-22T09:08:17.459+0800] GC(11)   Evacuate Collection Set: 24.4ms
[2024-07-22T09:08:17.459+0800] GC(11)   Post Evacuate Collection Set: 0.3ms
[2024-07-22T09:08:17.459+0800] GC(11)   Other: 0.1ms
[2024-07-22T09:08:17.459+0800] GC(11) Eden regions: 121->0(429)
[2024-07-22T09:08:17.459+0800] GC(11) Survivor regions: 14->10(17)
[2024-07-22T09:08:17.459+0800] GC(11) Old regions: 168->175
[2024-07-22T09:08:17.459+0800] GC(11) Humongous regions: 0->0
[2024-07-22T09:08:17.459+0800] GC(11) Metaspace: 8488K(8768K)->8488K(8768K) NonClass: 7648K(7808K)->7648K(7808K) Class: 839K(960K)->839K(960K)
[2024-07-22T09:08:17.459+0800] GC(11) Pause Young (Normal) (G1 Evacuation Pause) 603M->367M(1464M) 25.308ms
[2024-07-22T09:08:17.459+0800] GC(11) User=0.08s Sys=0.06s Real=0.02s
[2024-07-22T09:08:21.865+0800] Heap
[2024-07-22T09:08:21.866+0800]  garbage-first heap   total 1499136K, used 958223K [0x0000000700000000, 0x0000000800000000)
[2024-07-22T09:08:21.866+0800]   region size 2048K, 295 young (604160K), 10 survivors (20480K)
[2024-07-22T09:08:21.866+0800]  Metaspace       used 8629K, committed 8896K, reserved 1114112K
[2024-07-22T09:08:21.866+0800]   class space    used 852K, committed 960K, reserved 1048576K
