[2024-07-22T00:20:11.401+0800] CardTable entry size: 512
[2024-07-22T00:20:11.401+0800] Using G1
[2024-07-22T00:20:11.402+0800] Version: 21+35-LTS (release)
[2024-07-22T00:20:11.402+0800] CPUs: 16 total, 16 available
[2024-07-22T00:20:11.402+0800] Memory: 16384M
[2024-07-22T00:20:11.402+0800] Large Page Support: Disabled
[2024-07-22T00:20:11.402+0800] NUMA Support: Disabled
[2024-07-22T00:20:11.402+0800] Compressed Oops: Enabled (Zero based)
[2024-07-22T00:20:11.402+0800] Heap Region Size: 2M
[2024-07-22T00:20:11.403+0800] Heap Min Capacity: 8M
[2024-07-22T00:20:11.403+0800] Heap Initial Capacity: 256M
[2024-07-22T00:20:11.403+0800] Heap Max Capacity: 4G
[2024-07-22T00:20:11.403+0800] Pre-touch: Disabled
[2024-07-22T00:20:11.403+0800] Parallel Workers: 13
[2024-07-22T00:20:11.403+0800] Concurrent Workers: 3
[2024-07-22T00:20:11.403+0800] Concurrent Refinement Workers: 13
[2024-07-22T00:20:11.403+0800] Periodic GC: Disabled
[2024-07-22T00:20:11.454+0800] CDS archive(s) mapped at: [0x000000012a000000-0x000000012aca0000-0x000000012aca0000), size 13238272, SharedBaseAddress: 0x000000012a000000, ArchiveRelocationMode: 1.
[2024-07-22T00:20:11.454+0800] Compressed class space mapped at: 0x000000012b000000-0x000000016b000000, reserved size: 1073741824
[2024-07-22T00:20:11.454+0800] Narrow klass base: 0x000000012a000000, Narrow klass shift: 0, Narrow klass range: 0x100000000
[2024-07-22T00:20:11.883+0800] GC(0) Pause Young (Normal) (G1 Evacuation Pause)
[2024-07-22T00:20:11.883+0800] GC(0) Using 6 workers of 13 for evacuation
[2024-07-22T00:20:11.893+0800] GC(0)   Pre Evacuate Collection Set: 0.1ms
[2024-07-22T00:20:11.893+0800] GC(0)   Merge Heap Roots: 0.1ms
[2024-07-22T00:20:11.893+0800] GC(0)   Evacuate Collection Set: 9.1ms
[2024-07-22T00:20:11.893+0800] GC(0)   Post Evacuate Collection Set: 0.5ms
[2024-07-22T00:20:11.893+0800] GC(0)   Other: 0.4ms
[2024-07-22T00:20:11.893+0800] GC(0) Eden regions: 11->0(5)
[2024-07-22T00:20:11.893+0800] GC(0) Survivor regions: 0->2(2)
[2024-07-22T00:20:11.893+0800] GC(0) Old regions: 1->7
[2024-07-22T00:20:11.893+0800] GC(0) Humongous regions: 0->0
[2024-07-22T00:20:11.893+0800] GC(0) Metaspace: 4228K(4352K)->4228K(4352K) NonClass: 3804K(3840K)->3804K(3840K) Class: 423K(512K)->423K(512K)
[2024-07-22T00:20:11.893+0800] GC(0) Pause Young (Normal) (G1 Evacuation Pause) 23M->15M(258M) 10.557ms
[2024-07-22T00:20:11.893+0800] GC(0) User=0.05s Sys=0.01s Real=0.01s
[2024-07-22T00:20:11.959+0800] GC(1) Pause Young (Normal) (G1 Evacuation Pause)
[2024-07-22T00:20:11.959+0800] GC(1) Using 6 workers of 13 for evacuation
[2024-07-22T00:20:11.975+0800] GC(1)   Pre Evacuate Collection Set: 0.1ms
[2024-07-22T00:20:11.975+0800] GC(1)   Merge Heap Roots: 0.1ms
[2024-07-22T00:20:11.975+0800] GC(1)   Evacuate Collection Set: 15.4ms
[2024-07-22T00:20:11.975+0800] GC(1)   Post Evacuate Collection Set: 0.3ms
[2024-07-22T00:20:11.975+0800] GC(1)   Other: 0.1ms
[2024-07-22T00:20:11.975+0800] GC(1) Eden regions: 5->0(6)
[2024-07-22T00:20:11.975+0800] GC(1) Survivor regions: 2->1(1)
[2024-07-22T00:20:11.975+0800] GC(1) Old regions: 7->13
[2024-07-22T00:20:11.975+0800] GC(1) Humongous regions: 0->0
[2024-07-22T00:20:11.975+0800] GC(1) Metaspace: 4229K(4416K)->4229K(4416K) NonClass: 3805K(3904K)->3805K(3904K) Class: 423K(512K)->423K(512K)
[2024-07-22T00:20:11.975+0800] GC(1) Pause Young (Normal) (G1 Evacuation Pause) 25M->25M(258M) 16.198ms
[2024-07-22T00:20:11.975+0800] GC(1) User=0.04s Sys=0.01s Real=0.02s
[2024-07-22T00:20:12.083+0800] GC(2) Pause Young (Normal) (G1 Evacuation Pause)
[2024-07-22T00:20:12.083+0800] GC(2) Using 6 workers of 13 for evacuation
[2024-07-22T00:20:12.115+0800] GC(2)   Pre Evacuate Collection Set: 0.1ms
[2024-07-22T00:20:12.115+0800] GC(2)   Merge Heap Roots: 0.1ms
[2024-07-22T00:20:12.115+0800] GC(2)   Evacuate Collection Set: 31.9ms
[2024-07-22T00:20:12.115+0800] GC(2)   Post Evacuate Collection Set: 0.1ms
[2024-07-22T00:20:12.115+0800] GC(2)   Other: 0.1ms
[2024-07-22T00:20:12.115+0800] GC(2) Eden regions: 13->0(9)
[2024-07-22T00:20:12.115+0800] GC(2) Survivor regions: 1->2(2)
[2024-07-22T00:20:12.115+0800] GC(2) Old regions: 13->24
[2024-07-22T00:20:12.115+0800] GC(2) Humongous regions: 0->0
[2024-07-22T00:20:12.115+0800] GC(2) Metaspace: 4229K(4416K)->4229K(4416K) NonClass: 3805K(3904K)->3805K(3904K) Class: 423K(512K)->423K(512K)
[2024-07-22T00:20:12.116+0800] GC(2) Pause Young (Normal) (G1 Evacuation Pause) 51M->50M(258M) 32.464ms
[2024-07-22T00:20:12.116+0800] GC(2) User=0.07s Sys=0.02s Real=0.03s
[2024-07-22T00:20:12.225+0800] GC(3) Pause Young (Normal) (G1 Evacuation Pause)
[2024-07-22T00:20:12.225+0800] GC(3) Using 6 workers of 13 for evacuation
[2024-07-22T00:20:12.256+0800] GC(3)   Pre Evacuate Collection Set: 0.1ms
[2024-07-22T00:20:12.256+0800] GC(3)   Merge Heap Roots: 0.0ms
[2024-07-22T00:20:12.256+0800] GC(3)   Evacuate Collection Set: 30.5ms
[2024-07-22T00:20:12.256+0800] GC(3)   Post Evacuate Collection Set: 0.2ms
[2024-07-22T00:20:12.256+0800] GC(3)   Other: 0.1ms
[2024-07-22T00:20:12.256+0800] GC(3) Eden regions: 14->0(13)
[2024-07-22T00:20:12.256+0800] GC(3) Survivor regions: 2->2(2)
[2024-07-22T00:20:12.256+0800] GC(3) Old regions: 24->37
[2024-07-22T00:20:12.256+0800] GC(3) Humongous regions: 0->0
[2024-07-22T00:20:12.256+0800] GC(3) Metaspace: 4243K(4416K)->4243K(4416K) NonClass: 3819K(3904K)->3819K(3904K) Class: 423K(512K)->423K(512K)
[2024-07-22T00:20:12.256+0800] GC(3) Pause Young (Normal) (G1 Evacuation Pause) 78M->77M(258M) 31.023ms
[2024-07-22T00:20:12.256+0800] GC(3) User=0.06s Sys=0.02s Real=0.03s
[2024-07-22T00:20:12.330+0800] GC(4) Pause Young (Normal) (G1 Evacuation Pause)
[2024-07-22T00:20:12.330+0800] GC(4) Using 6 workers of 13 for evacuation
[2024-07-22T00:20:12.415+0800] GC(4)   Pre Evacuate Collection Set: 0.1ms
[2024-07-22T00:20:12.415+0800] GC(4)   Merge Heap Roots: 0.0ms
[2024-07-22T00:20:12.415+0800] GC(4)   Evacuate Collection Set: 83.3ms
[2024-07-22T00:20:12.415+0800] GC(4)   Post Evacuate Collection Set: 1.5ms
[2024-07-22T00:20:12.415+0800] GC(4)   Other: 0.1ms
[2024-07-22T00:20:12.415+0800] GC(4) Eden regions: 17->0(16)
[2024-07-22T00:20:12.415+0800] GC(4) Survivor regions: 2->3(3)
[2024-07-22T00:20:12.415+0800] GC(4) Old regions: 37->52
[2024-07-22T00:20:12.415+0800] GC(4) Humongous regions: 0->0
[2024-07-22T00:20:12.415+0800] GC(4) Metaspace: 4244K(4416K)->4244K(4416K) NonClass: 3820K(3904K)->3820K(3904K) Class: 423K(512K)->423K(512K)
[2024-07-22T00:20:12.415+0800] GC(4) Pause Young (Normal) (G1 Evacuation Pause) 111M->109M(584M) 85.199ms
[2024-07-22T00:20:12.415+0800] GC(4) User=0.09s Sys=0.03s Real=0.08s
[2024-07-22T00:20:12.522+0800] GC(5) Pause Young (Normal) (G1 Evacuation Pause)
[2024-07-22T00:20:12.522+0800] GC(5) Using 13 workers of 13 for evacuation
[2024-07-22T00:20:12.543+0800] GC(5)   Pre Evacuate Collection Set: 0.2ms
[2024-07-22T00:20:12.543+0800] GC(5)   Merge Heap Roots: 0.1ms
[2024-07-22T00:20:12.543+0800] GC(5)   Evacuate Collection Set: 20.3ms
[2024-07-22T00:20:12.543+0800] GC(5)   Post Evacuate Collection Set: 0.4ms
[2024-07-22T00:20:12.543+0800] GC(5)   Other: 0.4ms
[2024-07-22T00:20:12.543+0800] GC(5) Eden regions: 20->0(21)
[2024-07-22T00:20:12.543+0800] GC(5) Survivor regions: 3->3(3)
[2024-07-22T00:20:12.543+0800] GC(5) Old regions: 52->71
[2024-07-22T00:20:12.543+0800] GC(5) Humongous regions: 0->0
[2024-07-22T00:20:12.543+0800] GC(5) Metaspace: 4244K(4416K)->4244K(4416K) NonClass: 3820K(3904K)->3820K(3904K) Class: 423K(512K)->423K(512K)
[2024-07-22T00:20:12.543+0800] GC(5) Pause Young (Normal) (G1 Evacuation Pause) 149M->146M(584M) 21.491ms
[2024-07-22T00:20:12.543+0800] GC(5) User=0.13s Sys=0.07s Real=0.02s
[2024-07-22T00:20:12.653+0800] GC(6) Pause Young (Normal) (G1 Evacuation Pause)
[2024-07-22T00:20:12.653+0800] GC(6) Using 13 workers of 13 for evacuation
[2024-07-22T00:20:12.678+0800] GC(6)   Pre Evacuate Collection Set: 0.1ms
[2024-07-22T00:20:12.678+0800] GC(6)   Merge Heap Roots: 0.1ms
[2024-07-22T00:20:12.678+0800] GC(6)   Evacuate Collection Set: 25.0ms
[2024-07-22T00:20:12.678+0800] GC(6)   Post Evacuate Collection Set: 0.3ms
[2024-07-22T00:20:12.678+0800] GC(6)   Other: 0.1ms
[2024-07-22T00:20:12.678+0800] GC(6) Eden regions: 24->0(27)
[2024-07-22T00:20:12.678+0800] GC(6) Survivor regions: 3->4(4)
[2024-07-22T00:20:12.678+0800] GC(6) Old regions: 71->93
[2024-07-22T00:20:12.678+0800] GC(6) Humongous regions: 0->0
[2024-07-22T00:20:12.678+0800] GC(6) Metaspace: 4244K(4416K)->4244K(4416K) NonClass: 3820K(3904K)->3820K(3904K) Class: 423K(512K)->423K(512K)
[2024-07-22T00:20:12.678+0800] GC(6) Pause Young (Normal) (G1 Evacuation Pause) 194M->193M(584M) 25.865ms
[2024-07-22T00:20:12.678+0800] GC(6) User=0.16s Sys=0.08s Real=0.02s
[2024-07-22T00:20:12.820+0800] GC(7) Pause Young (Normal) (G1 Evacuation Pause)
[2024-07-22T00:20:12.821+0800] GC(7) Using 13 workers of 13 for evacuation
[2024-07-22T00:20:12.857+0800] GC(7)   Pre Evacuate Collection Set: 0.1ms
[2024-07-22T00:20:12.858+0800] GC(7)   Merge Heap Roots: 0.1ms
[2024-07-22T00:20:12.858+0800] GC(7)   Evacuate Collection Set: 36.4ms
[2024-07-22T00:20:12.858+0800] GC(7)   Post Evacuate Collection Set: 0.3ms
[2024-07-22T00:20:12.858+0800] GC(7)   Other: 0.1ms
[2024-07-22T00:20:12.858+0800] GC(7) Eden regions: 31->0(34)
[2024-07-22T00:20:12.858+0800] GC(7) Survivor regions: 4->5(5)
[2024-07-22T00:20:12.858+0800] GC(7) Old regions: 93->122
[2024-07-22T00:20:12.858+0800] GC(7) Humongous regions: 0->0
[2024-07-22T00:20:12.858+0800] GC(7) Metaspace: 4244K(4416K)->4244K(4416K) NonClass: 3820K(3904K)->3820K(3904K) Class: 423K(512K)->423K(512K)
[2024-07-22T00:20:12.858+0800] GC(7) Pause Young (Normal) (G1 Evacuation Pause) 255M->252M(584M) 37.141ms
[2024-07-22T00:20:12.858+0800] GC(7) User=0.19s Sys=0.07s Real=0.03s
[2024-07-22T00:20:13.116+0800] GC(8) Pause Young (Normal) (G1 Evacuation Pause)
[2024-07-22T00:20:13.116+0800] GC(8) Using 13 workers of 13 for evacuation
[2024-07-22T00:20:13.174+0800] GC(8)   Pre Evacuate Collection Set: 0.1ms
[2024-07-22T00:20:13.174+0800] GC(8)   Merge Heap Roots: 0.1ms
[2024-07-22T00:20:13.174+0800] GC(8)   Evacuate Collection Set: 54.1ms
[2024-07-22T00:20:13.174+0800] GC(8)   Post Evacuate Collection Set: 4.0ms
[2024-07-22T00:20:13.174+0800] GC(8)   Other: 0.1ms
[2024-07-22T00:20:13.174+0800] GC(8) Eden regions: 37->0(40)
[2024-07-22T00:20:13.174+0800] GC(8) Survivor regions: 5->6(6)
[2024-07-22T00:20:13.174+0800] GC(8) Old regions: 122->148
[2024-07-22T00:20:13.174+0800] GC(8) Humongous regions: 0->0
[2024-07-22T00:20:13.174+0800] GC(8) Metaspace: 4428K(4608K)->4428K(4608K) NonClass: 3996K(4096K)->3996K(4096K) Class: 432K(512K)->432K(512K)
[2024-07-22T00:20:13.174+0800] GC(8) Pause Young (Normal) (G1 Evacuation Pause) 326M->305M(1686M) 58.550ms
[2024-07-22T00:20:13.174+0800] GC(8) User=0.17s Sys=0.07s Real=0.06s
[2024-07-22T00:20:13.570+0800] GC(9) Pause Young (Normal) (G1 Evacuation Pause)
[2024-07-22T00:20:13.572+0800] GC(9) Using 13 workers of 13 for evacuation
[2024-07-22T00:20:13.604+0800] GC(9)   Pre Evacuate Collection Set: 0.2ms
[2024-07-22T00:20:13.604+0800] GC(9)   Merge Heap Roots: 0.1ms
[2024-07-22T00:20:13.604+0800] GC(9)   Evacuate Collection Set: 31.2ms
[2024-07-22T00:20:13.604+0800] GC(9)   Post Evacuate Collection Set: 0.2ms
[2024-07-22T00:20:13.604+0800] GC(9)   Other: 0.1ms
[2024-07-22T00:20:13.604+0800] GC(9) Eden regions: 43->0(68)
[2024-07-22T00:20:13.604+0800] GC(9) Survivor regions: 6->7(7)
[2024-07-22T00:20:13.604+0800] GC(9) Old regions: 148->157
[2024-07-22T00:20:13.604+0800] GC(9) Humongous regions: 0->0
[2024-07-22T00:20:13.604+0800] GC(9) Metaspace: 4429K(4608K)->4429K(4608K) NonClass: 3997K(4096K)->3997K(4096K) Class: 432K(512K)->432K(512K)
[2024-07-22T00:20:13.604+0800] GC(9) Pause Young (Normal) (G1 Evacuation Pause) 391M->325M(1686M) 33.709ms
[2024-07-22T00:20:13.604+0800] GC(9) User=0.08s Sys=0.06s Real=0.03s
[2024-07-22T00:20:14.232+0800] GC(10) Pause Young (Normal) (G1 Evacuation Pause)
[2024-07-22T00:20:14.233+0800] GC(10) Using 13 workers of 13 for evacuation
[2024-07-22T00:20:14.271+0800] GC(10)   Pre Evacuate Collection Set: 0.2ms
[2024-07-22T00:20:14.271+0800] GC(10)   Merge Heap Roots: 0.1ms
[2024-07-22T00:20:14.271+0800] GC(10)   Evacuate Collection Set: 37.9ms
[2024-07-22T00:20:14.271+0800] GC(10)   Post Evacuate Collection Set: 0.2ms
[2024-07-22T00:20:14.271+0800] GC(10)   Other: 0.1ms
[2024-07-22T00:20:14.271+0800] GC(10) Eden regions: 77->0(103)
[2024-07-22T00:20:14.271+0800] GC(10) Survivor regions: 7->11(11)
[2024-07-22T00:20:14.271+0800] GC(10) Old regions: 157->166
[2024-07-22T00:20:14.271+0800] GC(10) Humongous regions: 0->0
[2024-07-22T00:20:14.271+0800] GC(10) Metaspace: 4429K(4608K)->4429K(4608K) NonClass: 3997K(4096K)->3997K(4096K) Class: 432K(512K)->432K(512K)
[2024-07-22T00:20:14.271+0800] GC(10) Pause Young (Normal) (G1 Evacuation Pause) 479M->352M(1686M) 38.867ms
[2024-07-22T00:20:14.271+0800] GC(10) User=0.09s Sys=0.08s Real=0.04s
[2024-07-22T00:21:20.174+0800] GC(11) Pause Young (Normal) (G1 Evacuation Pause)
[2024-07-22T00:21:20.174+0800] GC(11) Using 13 workers of 13 for evacuation
[2024-07-22T00:21:20.191+0800] GC(11)   Pre Evacuate Collection Set: 0.4ms
[2024-07-22T00:21:20.191+0800] GC(11)   Merge Heap Roots: 0.1ms
[2024-07-22T00:21:20.191+0800] GC(11)   Evacuate Collection Set: 15.4ms
[2024-07-22T00:21:20.191+0800] GC(11)   Post Evacuate Collection Set: 0.5ms
[2024-07-22T00:21:20.191+0800] GC(11)   Other: 0.1ms
[2024-07-22T00:21:20.191+0800] GC(11) Eden regions: 110->0(184)
[2024-07-22T00:21:20.191+0800] GC(11) Survivor regions: 11->5(16)
[2024-07-22T00:21:20.191+0800] GC(11) Old regions: 166->178
[2024-07-22T00:21:20.191+0800] GC(11) Humongous regions: 0->0
[2024-07-22T00:21:20.191+0800] GC(11) Metaspace: 8558K(8832K)->8558K(8832K) NonClass: 7723K(7872K)->7723K(7872K) Class: 834K(960K)->834K(960K)
[2024-07-22T00:21:20.191+0800] GC(11) Pause Young (Normal) (G1 Evacuation Pause) 572M->363M(1686M) 16.841ms
[2024-07-22T00:21:20.191+0800] GC(11) User=0.07s Sys=0.08s Real=0.02s
[2024-07-22T00:22:17.498+0800] Heap
[2024-07-22T00:22:17.498+0800]  garbage-first heap   total 1726464K, used 524200K [0x0000000700000000, 0x0000000800000000)
[2024-07-22T00:22:17.498+0800]   region size 2048K, 80 young (163840K), 5 survivors (10240K)
[2024-07-22T00:22:17.498+0800]  Metaspace       used 9048K, committed 9216K, reserved 1114112K
[2024-07-22T00:22:17.498+0800]   class space    used 889K, committed 960K, reserved 1048576K
