[2024-07-22T09:29:13.443+0800] CardTable entry size: 512
[2024-07-22T09:29:13.443+0800] Using G1
[2024-07-22T09:29:13.445+0800] Version: 21+35-LTS (release)
[2024-07-22T09:29:13.445+0800] CPUs: 16 total, 16 available
[2024-07-22T09:29:13.445+0800] Memory: 16384M
[2024-07-22T09:29:13.445+0800] Large Page Support: Disabled
[2024-07-22T09:29:13.445+0800] NUMA Support: Disabled
[2024-07-22T09:29:13.445+0800] Compressed Oops: Enabled (Zero based)
[2024-07-22T09:29:13.445+0800] Heap Region Size: 2M
[2024-07-22T09:29:13.445+0800] Heap Min Capacity: 8M
[2024-07-22T09:29:13.445+0800] Heap Initial Capacity: 256M
[2024-07-22T09:29:13.445+0800] Heap Max Capacity: 4G
[2024-07-22T09:29:13.445+0800] Pre-touch: Disabled
[2024-07-22T09:29:13.445+0800] Parallel Workers: 13
[2024-07-22T09:29:13.445+0800] Concurrent Workers: 3
[2024-07-22T09:29:13.445+0800] Concurrent Refinement Workers: 13
[2024-07-22T09:29:13.445+0800] Periodic GC: Disabled
[2024-07-22T09:29:13.499+0800] CDS archive(s) mapped at: [0x0000000130000000-0x0000000130ca0000-0x0000000130ca0000), size 13238272, SharedBaseAddress: 0x0000000130000000, ArchiveRelocationMode: 1.
[2024-07-22T09:29:13.499+0800] Compressed class space mapped at: 0x0000000131000000-0x0000000171000000, reserved size: 1073741824
[2024-07-22T09:29:13.499+0800] Narrow klass base: 0x0000000130000000, Narrow klass shift: 0, Narrow klass range: 0x100000000
[2024-07-22T09:29:14.000+0800] GC(0) Pause Young (Normal) (G1 Evacuation Pause)
[2024-07-22T09:29:14.005+0800] GC(0) Using 6 workers of 13 for evacuation
[2024-07-22T09:29:14.044+0800] GC(0)   Pre Evacuate Collection Set: 0.2ms
[2024-07-22T09:29:14.044+0800] GC(0)   Merge Heap Roots: 0.2ms
[2024-07-22T09:29:14.044+0800] GC(0)   Evacuate Collection Set: 38.4ms
[2024-07-22T09:29:14.044+0800] GC(0)   Post Evacuate Collection Set: 0.4ms
[2024-07-22T09:29:14.044+0800] GC(0)   Other: 4.2ms
[2024-07-22T09:29:14.044+0800] GC(0) Eden regions: 11->0(5)
[2024-07-22T09:29:14.044+0800] GC(0) Survivor regions: 0->2(2)
[2024-07-22T09:29:14.044+0800] GC(0) Old regions: 1->7
[2024-07-22T09:29:14.044+0800] GC(0) Humongous regions: 0->0
[2024-07-22T09:29:14.044+0800] GC(0) Metaspace: 4220K(4352K)->4220K(4352K) NonClass: 3797K(3840K)->3797K(3840K) Class: 423K(512K)->423K(512K)
[2024-07-22T09:29:14.044+0800] GC(0) Pause Young (Normal) (G1 Evacuation Pause) 23M->15M(258M) 43.859ms
[2024-07-22T09:29:14.044+0800] GC(0) User=0.04s Sys=0.01s Real=0.04s
[2024-07-22T09:29:14.108+0800] GC(1) Pause Young (Normal) (G1 Evacuation Pause)
[2024-07-22T09:29:14.108+0800] GC(1) Using 6 workers of 13 for evacuation
[2024-07-22T09:29:14.117+0800] GC(1)   Pre Evacuate Collection Set: 0.1ms
[2024-07-22T09:29:14.117+0800] GC(1)   Merge Heap Roots: 0.1ms
[2024-07-22T09:29:14.117+0800] GC(1)   Evacuate Collection Set: 8.3ms
[2024-07-22T09:29:14.117+0800] GC(1)   Post Evacuate Collection Set: 0.2ms
[2024-07-22T09:29:14.117+0800] GC(1)   Other: 0.1ms
[2024-07-22T09:29:14.117+0800] GC(1) Eden regions: 5->0(5)
[2024-07-22T09:29:14.117+0800] GC(1) Survivor regions: 2->1(1)
[2024-07-22T09:29:14.117+0800] GC(1) Old regions: 7->13
[2024-07-22T09:29:14.117+0800] GC(1) Humongous regions: 0->0
[2024-07-22T09:29:14.117+0800] GC(1) Metaspace: 4222K(4352K)->4222K(4352K) NonClass: 3799K(3840K)->3799K(3840K) Class: 423K(512K)->423K(512K)
[2024-07-22T09:29:14.117+0800] GC(1) Pause Young (Normal) (G1 Evacuation Pause) 25M->25M(258M) 9.087ms
[2024-07-22T09:29:14.117+0800] GC(1) User=0.05s Sys=0.01s Real=0.01s
[2024-07-22T09:29:14.284+0800] GC(2) Pause Young (Normal) (G1 Evacuation Pause)
[2024-07-22T09:29:14.284+0800] GC(2) Using 6 workers of 13 for evacuation
[2024-07-22T09:29:14.298+0800] GC(2)   Pre Evacuate Collection Set: 0.1ms
[2024-07-22T09:29:14.298+0800] GC(2)   Merge Heap Roots: 0.0ms
[2024-07-22T09:29:14.298+0800] GC(2)   Evacuate Collection Set: 13.4ms
[2024-07-22T09:29:14.298+0800] GC(2)   Post Evacuate Collection Set: 0.1ms
[2024-07-22T09:29:14.298+0800] GC(2)   Other: 0.1ms
[2024-07-22T09:29:14.298+0800] GC(2) Eden regions: 12->0(9)
[2024-07-22T09:29:14.298+0800] GC(2) Survivor regions: 1->2(2)
[2024-07-22T09:29:14.298+0800] GC(2) Old regions: 13->23
[2024-07-22T09:29:14.298+0800] GC(2) Humongous regions: 0->0
[2024-07-22T09:29:14.298+0800] GC(2) Metaspace: 4222K(4352K)->4222K(4352K) NonClass: 3799K(3840K)->3799K(3840K) Class: 423K(512K)->423K(512K)
[2024-07-22T09:29:14.298+0800] GC(2) Pause Young (Normal) (G1 Evacuation Pause) 49M->48M(258M) 14.032ms
[2024-07-22T09:29:14.298+0800] GC(2) User=0.07s Sys=0.02s Real=0.01s
[2024-07-22T09:29:14.396+0800] GC(3) Pause Young (Normal) (G1 Evacuation Pause)
[2024-07-22T09:29:14.396+0800] GC(3) Using 6 workers of 13 for evacuation
[2024-07-22T09:29:14.411+0800] GC(3)   Pre Evacuate Collection Set: 0.1ms
[2024-07-22T09:29:14.411+0800] GC(3)   Merge Heap Roots: 0.1ms
[2024-07-22T09:29:14.411+0800] GC(3)   Evacuate Collection Set: 14.2ms
[2024-07-22T09:29:14.411+0800] GC(3)   Post Evacuate Collection Set: 0.2ms
[2024-07-22T09:29:14.411+0800] GC(3)   Other: 0.1ms
[2024-07-22T09:29:14.411+0800] GC(3) Eden regions: 14->0(13)
[2024-07-22T09:29:14.411+0800] GC(3) Survivor regions: 2->2(2)
[2024-07-22T09:29:14.411+0800] GC(3) Old regions: 23->36
[2024-07-22T09:29:14.411+0800] GC(3) Humongous regions: 0->0
[2024-07-22T09:29:14.411+0800] GC(3) Metaspace: 4235K(4416K)->4235K(4416K) NonClass: 3812K(3904K)->3812K(3904K) Class: 423K(512K)->423K(512K)
[2024-07-22T09:29:14.411+0800] GC(3) Pause Young (Normal) (G1 Evacuation Pause) 76M->75M(258M) 14.817ms
[2024-07-22T09:29:14.411+0800] GC(3) User=0.06s Sys=0.02s Real=0.02s
[2024-07-22T09:29:14.497+0800] GC(4) Pause Young (Normal) (G1 Evacuation Pause)
[2024-07-22T09:29:14.497+0800] GC(4) Using 6 workers of 13 for evacuation
[2024-07-22T09:29:14.517+0800] GC(4)   Pre Evacuate Collection Set: 0.1ms
[2024-07-22T09:29:14.517+0800] GC(4)   Merge Heap Roots: 0.1ms
[2024-07-22T09:29:14.517+0800] GC(4)   Evacuate Collection Set: 18.5ms
[2024-07-22T09:29:14.517+0800] GC(4)   Post Evacuate Collection Set: 0.8ms
[2024-07-22T09:29:14.517+0800] GC(4)   Other: 0.1ms
[2024-07-22T09:29:14.517+0800] GC(4) Eden regions: 18->0(19)
[2024-07-22T09:29:14.517+0800] GC(4) Survivor regions: 2->3(3)
[2024-07-22T09:29:14.517+0800] GC(4) Old regions: 36->52
[2024-07-22T09:29:14.517+0800] GC(4) Humongous regions: 0->0
[2024-07-22T09:29:14.517+0800] GC(4) Metaspace: 4237K(4416K)->4237K(4416K) NonClass: 3814K(3904K)->3814K(3904K) Class: 423K(512K)->423K(512K)
[2024-07-22T09:29:14.517+0800] GC(4) Pause Young (Normal) (G1 Evacuation Pause) 111M->109M(516M) 19.813ms
[2024-07-22T09:29:14.517+0800] GC(4) User=0.08s Sys=0.02s Real=0.02s
[2024-07-22T09:29:14.639+0800] GC(5) Pause Young (Normal) (G1 Evacuation Pause)
[2024-07-22T09:29:14.639+0800] GC(5) Using 12 workers of 13 for evacuation
[2024-07-22T09:29:14.663+0800] GC(5)   Pre Evacuate Collection Set: 0.1ms
[2024-07-22T09:29:14.663+0800] GC(5)   Merge Heap Roots: 0.1ms
[2024-07-22T09:29:14.663+0800] GC(5)   Evacuate Collection Set: 22.8ms
[2024-07-22T09:29:14.663+0800] GC(5)   Post Evacuate Collection Set: 0.4ms
[2024-07-22T09:29:14.663+0800] GC(5)   Other: 0.4ms
[2024-07-22T09:29:14.663+0800] GC(5) Eden regions: 24->0(24)
[2024-07-22T09:29:14.663+0800] GC(5) Survivor regions: 3->4(4)
[2024-07-22T09:29:14.663+0800] GC(5) Old regions: 52->75
[2024-07-22T09:29:14.663+0800] GC(5) Humongous regions: 0->0
[2024-07-22T09:29:14.663+0800] GC(5) Metaspace: 4237K(4416K)->4237K(4416K) NonClass: 3814K(3904K)->3814K(3904K) Class: 423K(512K)->423K(512K)
[2024-07-22T09:29:14.663+0800] GC(5) Pause Young (Normal) (G1 Evacuation Pause) 157M->156M(516M) 23.995ms
[2024-07-22T09:29:14.663+0800] GC(5) User=0.15s Sys=0.08s Real=0.03s
[2024-07-22T09:29:14.777+0800] GC(6) Pause Young (Normal) (G1 Evacuation Pause)
[2024-07-22T09:29:14.777+0800] GC(6) Using 12 workers of 13 for evacuation
[2024-07-22T09:29:14.807+0800] GC(6)   Pre Evacuate Collection Set: 0.1ms
[2024-07-22T09:29:14.807+0800] GC(6)   Merge Heap Roots: 0.1ms
[2024-07-22T09:29:14.807+0800] GC(6)   Evacuate Collection Set: 28.9ms
[2024-07-22T09:29:14.807+0800] GC(6)   Post Evacuate Collection Set: 0.4ms
[2024-07-22T09:29:14.807+0800] GC(6)   Other: 0.1ms
[2024-07-22T09:29:14.807+0800] GC(6) Eden regions: 28->0(30)
[2024-07-22T09:29:14.807+0800] GC(6) Survivor regions: 4->4(4)
[2024-07-22T09:29:14.807+0800] GC(6) Old regions: 75->102
[2024-07-22T09:29:14.807+0800] GC(6) Humongous regions: 0->0
[2024-07-22T09:29:14.807+0800] GC(6) Metaspace: 4237K(4416K)->4237K(4416K) NonClass: 3814K(3904K)->3814K(3904K) Class: 423K(512K)->423K(512K)
[2024-07-22T09:29:14.807+0800] GC(6) Pause Young (Normal) (G1 Evacuation Pause) 212M->211M(516M) 29.850ms
[2024-07-22T09:29:14.807+0800] GC(6) User=0.18s Sys=0.09s Real=0.03s
[2024-07-22T09:29:14.952+0800] GC(7) Pause Young (Normal) (G1 Evacuation Pause)
[2024-07-22T09:29:14.952+0800] GC(7) Using 12 workers of 13 for evacuation
[2024-07-22T09:29:14.981+0800] GC(7)   Pre Evacuate Collection Set: 0.1ms
[2024-07-22T09:29:14.981+0800] GC(7)   Merge Heap Roots: 0.1ms
[2024-07-22T09:29:14.981+0800] GC(7)   Evacuate Collection Set: 27.8ms
[2024-07-22T09:29:14.981+0800] GC(7)   Post Evacuate Collection Set: 0.4ms
[2024-07-22T09:29:14.981+0800] GC(7)   Other: 0.1ms
[2024-07-22T09:29:14.981+0800] GC(7) Eden regions: 35->0(37)
[2024-07-22T09:29:14.981+0800] GC(7) Survivor regions: 4->5(5)
[2024-07-22T09:29:14.981+0800] GC(7) Old regions: 102->134
[2024-07-22T09:29:14.981+0800] GC(7) Humongous regions: 0->0
[2024-07-22T09:29:14.981+0800] GC(7) Metaspace: 4237K(4416K)->4237K(4416K) NonClass: 3814K(3904K)->3814K(3904K) Class: 423K(512K)->423K(512K)
[2024-07-22T09:29:14.981+0800] GC(7) Pause Young (Normal) (G1 Evacuation Pause) 281M->277M(516M) 28.836ms
[2024-07-22T09:29:14.981+0800] GC(7) User=0.21s Sys=0.03s Real=0.03s
[2024-07-22T09:29:15.291+0800] GC(8) Pause Young (Concurrent Start) (G1 Evacuation Pause)
[2024-07-22T09:29:15.291+0800] GC(8) Using 12 workers of 13 for evacuation
[2024-07-22T09:29:15.319+0800] GC(8)   Pre Evacuate Collection Set: 0.3ms
[2024-07-22T09:29:15.320+0800] GC(8)   Merge Heap Roots: 0.1ms
[2024-07-22T09:29:15.320+0800] GC(8)   Evacuate Collection Set: 23.9ms
[2024-07-22T09:29:15.320+0800] GC(8)   Post Evacuate Collection Set: 3.7ms
[2024-07-22T09:29:15.320+0800] GC(8)   Other: 0.1ms
[2024-07-22T09:29:15.320+0800] GC(8) Eden regions: 37->0(49)
[2024-07-22T09:29:15.320+0800] GC(8) Survivor regions: 5->6(6)
[2024-07-22T09:29:15.320+0800] GC(8) Old regions: 134->153
[2024-07-22T09:29:15.320+0800] GC(8) Humongous regions: 0->0
[2024-07-22T09:29:15.320+0800] GC(8) Metaspace: 4677K(4864K)->4677K(4864K) NonClass: 4226K(4352K)->4226K(4352K) Class: 450K(512K)->450K(512K)
[2024-07-22T09:29:15.320+0800] GC(8) Pause Young (Concurrent Start) (G1 Evacuation Pause) 351M->315M(1182M) 28.438ms
[2024-07-22T09:29:15.320+0800] GC(8) User=0.14s Sys=0.06s Real=0.03s
[2024-07-22T09:29:15.320+0800] GC(9) Concurrent Mark Cycle
[2024-07-22T09:29:15.320+0800] GC(9) Concurrent Scan Root Regions
[2024-07-22T09:29:15.336+0800] GC(9) Concurrent Scan Root Regions 16.409ms
[2024-07-22T09:29:15.336+0800] GC(9) Concurrent Mark
[2024-07-22T09:29:15.336+0800] GC(9) Concurrent Mark From Roots
[2024-07-22T09:29:15.336+0800] GC(9) Using 3 workers of 3 for marking
[2024-07-22T09:29:15.479+0800] GC(9) Concurrent Mark From Roots 142.360ms
[2024-07-22T09:29:15.479+0800] GC(9) Concurrent Preclean
[2024-07-22T09:29:15.479+0800] GC(9) Concurrent Preclean 0.018ms
[2024-07-22T09:29:15.479+0800] GC(9) Pause Remark
[2024-07-22T09:29:15.480+0800] GC(9) Pause Remark 348M->348M(1174M) 0.878ms
[2024-07-22T09:29:15.480+0800] GC(9) User=0.00s Sys=0.00s Real=0.01s
[2024-07-22T09:29:15.480+0800] GC(9) Concurrent Mark 143.442ms
[2024-07-22T09:29:15.480+0800] GC(9) Concurrent Rebuild Remembered Sets and Scrub Regions
[2024-07-22T09:29:15.572+0800] GC(9) Concurrent Rebuild Remembered Sets and Scrub Regions 92.292ms
[2024-07-22T09:29:15.572+0800] GC(9) Pause Cleanup
[2024-07-22T09:29:15.572+0800] GC(9) Pause Cleanup 369M->369M(1174M) 0.189ms
[2024-07-22T09:29:15.572+0800] GC(9) User=0.01s Sys=0.00s Real=0.00s
[2024-07-22T09:29:15.573+0800] GC(9) Concurrent Clear Claimed Marks
[2024-07-22T09:29:15.573+0800] GC(9) Concurrent Clear Claimed Marks 0.012ms
[2024-07-22T09:29:15.573+0800] GC(9) Concurrent Cleanup for Next Mark
[2024-07-22T09:29:15.580+0800] GC(9) Concurrent Cleanup for Next Mark 7.244ms
[2024-07-22T09:29:15.580+0800] GC(9) Concurrent Mark Cycle 260.014ms
[2024-07-22T09:29:15.780+0800] GC(10) Pause Young (Prepare Mixed) (G1 Evacuation Pause)
[2024-07-22T09:29:15.780+0800] GC(10) Using 13 workers of 13 for evacuation
[2024-07-22T09:29:15.797+0800] GC(10)   Pre Evacuate Collection Set: 0.2ms
[2024-07-22T09:29:15.797+0800] GC(10)   Merge Heap Roots: 0.1ms
[2024-07-22T09:29:15.797+0800] GC(10)   Evacuate Collection Set: 15.9ms
[2024-07-22T09:29:15.797+0800] GC(10)   Post Evacuate Collection Set: 0.4ms
[2024-07-22T09:29:15.797+0800] GC(10)   Other: 0.2ms
[2024-07-22T09:29:15.797+0800] GC(10) Eden regions: 52->0(131)
[2024-07-22T09:29:15.797+0800] GC(10) Survivor regions: 6->8(8)
[2024-07-22T09:29:15.797+0800] GC(10) Old regions: 153->161
[2024-07-22T09:29:15.797+0800] GC(10) Humongous regions: 0->0
[2024-07-22T09:29:15.797+0800] GC(10) Metaspace: 4678K(4864K)->4678K(4864K) NonClass: 4227K(4352K)->4227K(4352K) Class: 450K(512K)->450K(512K)
[2024-07-22T09:29:15.797+0800] GC(10) Pause Young (Prepare Mixed) (G1 Evacuation Pause) 419M->335M(1174M) 16.912ms
[2024-07-22T09:29:15.797+0800] GC(10) User=0.09s Sys=0.07s Real=0.01s
[2024-07-22T09:29:17.478+0800] GC(11) Pause Young (Mixed) (G1 Evacuation Pause)
[2024-07-22T09:29:17.478+0800] GC(11) Using 13 workers of 13 for evacuation
[2024-07-22T09:29:17.522+0800] GC(11)   Pre Evacuate Collection Set: 0.2ms
[2024-07-22T09:29:17.522+0800] GC(11)   Merge Heap Roots: 0.1ms
[2024-07-22T09:29:17.522+0800] GC(11)   Evacuate Collection Set: 43.5ms
[2024-07-22T09:29:17.522+0800] GC(11)   Post Evacuate Collection Set: 0.3ms
[2024-07-22T09:29:17.522+0800] GC(11)   Other: 0.1ms
[2024-07-22T09:29:17.522+0800] GC(11) Eden regions: 143->0(143)
[2024-07-22T09:29:17.522+0800] GC(11) Survivor regions: 8->19(19)
[2024-07-22T09:29:17.522+0800] GC(11) Old regions: 161->162
[2024-07-22T09:29:17.522+0800] GC(11) Humongous regions: 0->0
[2024-07-22T09:29:17.522+0800] GC(11) Metaspace: 8463K(8704K)->8463K(8704K) NonClass: 7624K(7744K)->7624K(7744K) Class: 839K(960K)->839K(960K)
[2024-07-22T09:29:17.522+0800] GC(11) Pause Young (Mixed) (G1 Evacuation Pause) 621M->359M(1174M) 44.423ms
[2024-07-22T09:29:17.522+0800] GC(11) User=0.11s Sys=0.08s Real=0.05s
[2024-07-22T09:29:19.738+0800] GC(12) Pause Young (Normal) (G1 Evacuation Pause)
[2024-07-22T09:29:19.738+0800] GC(12) Using 13 workers of 13 for evacuation
[2024-07-22T09:29:19.759+0800] GC(12)   Pre Evacuate Collection Set: 0.2ms
[2024-07-22T09:29:19.759+0800] GC(12)   Merge Heap Roots: 0.1ms
[2024-07-22T09:29:19.759+0800] GC(12)   Evacuate Collection Set: 19.7ms
[2024-07-22T09:29:19.759+0800] GC(12)   Post Evacuate Collection Set: 0.5ms
[2024-07-22T09:29:19.759+0800] GC(12)   Other: 0.1ms
[2024-07-22T09:29:19.759+0800] GC(12) Eden regions: 153->0(321)
[2024-07-22T09:29:19.759+0800] GC(12) Survivor regions: 19->4(22)
[2024-07-22T09:29:19.759+0800] GC(12) Old regions: 162->182
[2024-07-22T09:29:19.759+0800] GC(12) Humongous regions: 0->0
[2024-07-22T09:29:19.759+0800] GC(12) Metaspace: 8504K(8768K)->8504K(8768K) NonClass: 7664K(7808K)->7664K(7808K) Class: 839K(960K)->839K(960K)
[2024-07-22T09:29:19.759+0800] GC(12) Pause Young (Normal) (G1 Evacuation Pause) 665M->367M(1174M) 20.745ms
[2024-07-22T09:29:19.759+0800] GC(12) User=0.10s Sys=0.10s Real=0.02s
[2024-07-22T09:29:23.060+0800] Heap
[2024-07-22T09:29:23.060+0800]  garbage-first heap   total 1202176K, used 807937K [0x0000000700000000, 0x0000000800000000)
[2024-07-22T09:29:23.060+0800]   region size 2048K, 215 young (440320K), 4 survivors (8192K)
[2024-07-22T09:29:23.060+0800]  Metaspace       used 8623K, committed 8896K, reserved 1114112K
[2024-07-22T09:29:23.060+0800]   class space    used 852K, committed 960K, reserved 1048576K
