[2024-07-22T08:42:49.458+0800] CardTable entry size: 512
[2024-07-22T08:42:49.458+0800] Using G1
[2024-07-22T08:42:49.459+0800] Version: 21+35-LTS (release)
[2024-07-22T08:42:49.459+0800] CPUs: 16 total, 16 available
[2024-07-22T08:42:49.459+0800] Memory: 16384M
[2024-07-22T08:42:49.459+0800] Large Page Support: Disabled
[2024-07-22T08:42:49.459+0800] NUMA Support: Disabled
[2024-07-22T08:42:49.459+0800] Compressed Oops: Enabled (Zero based)
[2024-07-22T08:42:49.459+0800] Heap Region Size: 2M
[2024-07-22T08:42:49.459+0800] Heap Min Capacity: 8M
[2024-07-22T08:42:49.459+0800] Heap Initial Capacity: 256M
[2024-07-22T08:42:49.459+0800] Heap Max Capacity: 4G
[2024-07-22T08:42:49.459+0800] Pre-touch: Disabled
[2024-07-22T08:42:49.459+0800] Parallel Workers: 13
[2024-07-22T08:42:49.459+0800] Concurrent Workers: 3
[2024-07-22T08:42:49.459+0800] Concurrent Refinement Workers: 13
[2024-07-22T08:42:49.459+0800] Periodic GC: Disabled
[2024-07-22T08:42:49.468+0800] CDS archive(s) mapped at: [0x0000000127000000-0x0000000127ca0000-0x0000000127ca0000), size 13238272, SharedBaseAddress: 0x0000000127000000, ArchiveRelocationMode: 1.
[2024-07-22T08:42:49.468+0800] Compressed class space mapped at: 0x0000000128000000-0x0000000168000000, reserved size: 1073741824
[2024-07-22T08:42:49.468+0800] Narrow klass base: 0x0000000127000000, Narrow klass shift: 0, Narrow klass range: 0x100000000
[2024-07-22T08:42:49.915+0800] GC(0) Pause Young (Normal) (G1 Evacuation Pause)
[2024-07-22T08:42:49.916+0800] GC(0) Using 6 workers of 13 for evacuation
[2024-07-22T08:42:49.927+0800] GC(0)   Pre Evacuate Collection Set: 0.2ms
[2024-07-22T08:42:49.927+0800] GC(0)   Merge Heap Roots: 0.2ms
[2024-07-22T08:42:49.927+0800] GC(0)   Evacuate Collection Set: 7.9ms
[2024-07-22T08:42:49.927+0800] GC(0)   Post Evacuate Collection Set: 0.4ms
[2024-07-22T08:42:49.927+0800] GC(0)   Other: 0.6ms
[2024-07-22T08:42:49.927+0800] GC(0) Eden regions: 11->0(6)
[2024-07-22T08:42:49.927+0800] GC(0) Survivor regions: 0->2(2)
[2024-07-22T08:42:49.927+0800] GC(0) Old regions: 1->7
[2024-07-22T08:42:49.927+0800] GC(0) Humongous regions: 0->0
[2024-07-22T08:42:49.927+0800] GC(0) Metaspace: 4260K(4416K)->4260K(4416K) NonClass: 3836K(3904K)->3836K(3904K) Class: 424K(512K)->424K(512K)
[2024-07-22T08:42:49.927+0800] GC(0) Pause Young (Normal) (G1 Evacuation Pause) 23M->15M(258M) 11.780ms
[2024-07-22T08:42:49.927+0800] GC(0) User=0.04s Sys=0.01s Real=0.01s
[2024-07-22T08:42:49.996+0800] GC(1) Pause Young (Normal) (G1 Evacuation Pause)
[2024-07-22T08:42:49.996+0800] GC(1) Using 6 workers of 13 for evacuation
[2024-07-22T08:42:50.005+0800] GC(1)   Pre Evacuate Collection Set: 0.1ms
[2024-07-22T08:42:50.005+0800] GC(1)   Merge Heap Roots: 0.2ms
[2024-07-22T08:42:50.005+0800] GC(1)   Evacuate Collection Set: 8.2ms
[2024-07-22T08:42:50.005+0800] GC(1)   Post Evacuate Collection Set: 0.4ms
[2024-07-22T08:42:50.005+0800] GC(1)   Other: 0.1ms
[2024-07-22T08:42:50.005+0800] GC(1) Eden regions: 6->0(6)
[2024-07-22T08:42:50.005+0800] GC(1) Survivor regions: 2->1(1)
[2024-07-22T08:42:50.005+0800] GC(1) Old regions: 7->13
[2024-07-22T08:42:50.005+0800] GC(1) Humongous regions: 0->0
[2024-07-22T08:42:50.005+0800] GC(1) Metaspace: 4261K(4416K)->4261K(4416K) NonClass: 3837K(3904K)->3837K(3904K) Class: 424K(512K)->424K(512K)
[2024-07-22T08:42:50.005+0800] GC(1) Pause Young (Normal) (G1 Evacuation Pause) 27M->27M(258M) 9.223ms
[2024-07-22T08:42:50.005+0800] GC(1) User=0.05s Sys=0.01s Real=0.01s
[2024-07-22T08:42:50.127+0800] GC(2) Pause Young (Normal) (G1 Evacuation Pause)
[2024-07-22T08:42:50.127+0800] GC(2) Using 6 workers of 13 for evacuation
[2024-07-22T08:42:50.144+0800] GC(2)   Pre Evacuate Collection Set: 0.1ms
[2024-07-22T08:42:50.145+0800] GC(2)   Merge Heap Roots: 0.0ms
[2024-07-22T08:42:50.145+0800] GC(2)   Evacuate Collection Set: 17.1ms
[2024-07-22T08:42:50.145+0800] GC(2)   Post Evacuate Collection Set: 0.2ms
[2024-07-22T08:42:50.145+0800] GC(2)   Other: 0.1ms
[2024-07-22T08:42:50.145+0800] GC(2) Eden regions: 14->0(10)
[2024-07-22T08:42:50.145+0800] GC(2) Survivor regions: 1->2(2)
[2024-07-22T08:42:50.145+0800] GC(2) Old regions: 13->25
[2024-07-22T08:42:50.145+0800] GC(2) Humongous regions: 0->0
[2024-07-22T08:42:50.145+0800] GC(2) Metaspace: 4261K(4416K)->4261K(4416K) NonClass: 3837K(3904K)->3837K(3904K) Class: 424K(512K)->424K(512K)
[2024-07-22T08:42:50.145+0800] GC(2) Pause Young (Normal) (G1 Evacuation Pause) 55M->53M(258M) 17.795ms
[2024-07-22T08:42:50.145+0800] GC(2) User=0.07s Sys=0.02s Real=0.02s
[2024-07-22T08:42:50.247+0800] GC(3) Pause Young (Normal) (G1 Evacuation Pause)
[2024-07-22T08:42:50.247+0800] GC(3) Using 6 workers of 13 for evacuation
[2024-07-22T08:42:50.264+0800] GC(3)   Pre Evacuate Collection Set: 0.1ms
[2024-07-22T08:42:50.264+0800] GC(3)   Merge Heap Roots: 0.0ms
[2024-07-22T08:42:50.264+0800] GC(3)   Evacuate Collection Set: 16.6ms
[2024-07-22T08:42:50.264+0800] GC(3)   Post Evacuate Collection Set: 0.2ms
[2024-07-22T08:42:50.264+0800] GC(3)   Other: 0.1ms
[2024-07-22T08:42:50.264+0800] GC(3) Eden regions: 14->0(14)
[2024-07-22T08:42:50.264+0800] GC(3) Survivor regions: 2->2(2)
[2024-07-22T08:42:50.264+0800] GC(3) Old regions: 25->38
[2024-07-22T08:42:50.264+0800] GC(3) Humongous regions: 0->0
[2024-07-22T08:42:50.264+0800] GC(3) Metaspace: 4273K(4416K)->4273K(4416K) NonClass: 3849K(3904K)->3849K(3904K) Class: 424K(512K)->424K(512K)
[2024-07-22T08:42:50.264+0800] GC(3) Pause Young (Normal) (G1 Evacuation Pause) 81M->79M(258M) 17.123ms
[2024-07-22T08:42:50.264+0800] GC(3) User=0.06s Sys=0.02s Real=0.02s
[2024-07-22T08:42:50.347+0800] GC(4) Pause Young (Normal) (G1 Evacuation Pause)
[2024-07-22T08:42:50.347+0800] GC(4) Using 6 workers of 13 for evacuation
[2024-07-22T08:42:50.383+0800] GC(4)   Pre Evacuate Collection Set: 0.1ms
[2024-07-22T08:42:50.384+0800] GC(4)   Merge Heap Roots: 0.0ms
[2024-07-22T08:42:50.384+0800] GC(4)   Evacuate Collection Set: 34.8ms
[2024-07-22T08:42:50.384+0800] GC(4)   Post Evacuate Collection Set: 1.7ms
[2024-07-22T08:42:50.384+0800] GC(4)   Other: 0.1ms
[2024-07-22T08:42:50.384+0800] GC(4) Eden regions: 19->0(19)
[2024-07-22T08:42:50.384+0800] GC(4) Survivor regions: 2->3(3)
[2024-07-22T08:42:50.384+0800] GC(4) Old regions: 38->55
[2024-07-22T08:42:50.384+0800] GC(4) Humongous regions: 0->0
[2024-07-22T08:42:50.384+0800] GC(4) Metaspace: 4275K(4416K)->4275K(4416K) NonClass: 3851K(3904K)->3851K(3904K) Class: 424K(512K)->424K(512K)
[2024-07-22T08:42:50.384+0800] GC(4) Pause Young (Normal) (G1 Evacuation Pause) 117M->114M(516M) 36.917ms
[2024-07-22T08:42:50.384+0800] GC(4) User=0.10s Sys=0.03s Real=0.04s
[2024-07-22T08:42:50.516+0800] GC(5) Pause Young (Normal) (G1 Evacuation Pause)
[2024-07-22T08:42:50.517+0800] GC(5) Using 12 workers of 13 for evacuation
[2024-07-22T08:42:50.565+0800] GC(5)   Pre Evacuate Collection Set: 0.1ms
[2024-07-22T08:42:50.565+0800] GC(5)   Merge Heap Roots: 0.1ms
[2024-07-22T08:42:50.565+0800] GC(5)   Evacuate Collection Set: 48.2ms
[2024-07-22T08:42:50.565+0800] GC(5)   Post Evacuate Collection Set: 0.1ms
[2024-07-22T08:42:50.565+0800] GC(5)   Other: 0.5ms
[2024-07-22T08:42:50.565+0800] GC(5) Eden regions: 24->0(23)
[2024-07-22T08:42:50.565+0800] GC(5) Survivor regions: 3->4(4)
[2024-07-22T08:42:50.565+0800] GC(5) Old regions: 55->78
[2024-07-22T08:42:50.565+0800] GC(5) Humongous regions: 0->0
[2024-07-22T08:42:50.565+0800] GC(5) Metaspace: 4275K(4416K)->4275K(4416K) NonClass: 3851K(3904K)->3851K(3904K) Class: 424K(512K)->424K(512K)
[2024-07-22T08:42:50.565+0800] GC(5) Pause Young (Normal) (G1 Evacuation Pause) 162M->163M(516M) 49.194ms
[2024-07-22T08:42:50.565+0800] GC(5) User=0.15s Sys=0.08s Real=0.05s
[2024-07-22T08:42:50.683+0800] GC(6) Pause Young (Normal) (G1 Evacuation Pause)
[2024-07-22T08:42:50.683+0800] GC(6) Using 12 workers of 13 for evacuation
[2024-07-22T08:42:50.726+0800] GC(6)   Pre Evacuate Collection Set: 0.2ms
[2024-07-22T08:42:50.726+0800] GC(6)   Merge Heap Roots: 0.1ms
[2024-07-22T08:42:50.726+0800] GC(6)   Evacuate Collection Set: 42.2ms
[2024-07-22T08:42:50.726+0800] GC(6)   Post Evacuate Collection Set: 0.2ms
[2024-07-22T08:42:50.726+0800] GC(6)   Other: 0.1ms
[2024-07-22T08:42:50.726+0800] GC(6) Eden regions: 27->0(29)
[2024-07-22T08:42:50.726+0800] GC(6) Survivor regions: 4->4(4)
[2024-07-22T08:42:50.726+0800] GC(6) Old regions: 78->104
[2024-07-22T08:42:50.726+0800] GC(6) Humongous regions: 0->0
[2024-07-22T08:42:50.726+0800] GC(6) Metaspace: 4275K(4416K)->4275K(4416K) NonClass: 3851K(3904K)->3851K(3904K) Class: 424K(512K)->424K(512K)
[2024-07-22T08:42:50.726+0800] GC(6) Pause Young (Normal) (G1 Evacuation Pause) 217M->215M(516M) 42.984ms
[2024-07-22T08:42:50.726+0800] GC(6) User=0.17s Sys=0.08s Real=0.04s
[2024-07-22T08:42:50.859+0800] GC(7) Pause Young (Normal) (G1 Evacuation Pause)
[2024-07-22T08:42:50.859+0800] GC(7) Using 12 workers of 13 for evacuation
[2024-07-22T08:42:50.880+0800] GC(7)   Pre Evacuate Collection Set: 0.2ms
[2024-07-22T08:42:50.880+0800] GC(7)   Merge Heap Roots: 0.2ms
[2024-07-22T08:42:50.880+0800] GC(7)   Evacuate Collection Set: 20.7ms
[2024-07-22T08:42:50.880+0800] GC(7)   Post Evacuate Collection Set: 0.3ms
[2024-07-22T08:42:50.880+0800] GC(7)   Other: 0.1ms
[2024-07-22T08:42:50.880+0800] GC(7) Eden regions: 33->0(37)
[2024-07-22T08:42:50.880+0800] GC(7) Survivor regions: 4->5(5)
[2024-07-22T08:42:50.880+0800] GC(7) Old regions: 104->134
[2024-07-22T08:42:50.880+0800] GC(7) Humongous regions: 0->0
[2024-07-22T08:42:50.880+0800] GC(7) Metaspace: 4275K(4416K)->4275K(4416K) NonClass: 3851K(3904K)->3851K(3904K) Class: 424K(512K)->424K(512K)
[2024-07-22T08:42:50.880+0800] GC(7) Pause Young (Normal) (G1 Evacuation Pause) 281M->276M(516M) 21.571ms
[2024-07-22T08:42:50.880+0800] GC(7) User=0.20s Sys=0.03s Real=0.03s
[2024-07-22T08:42:51.227+0800] GC(8) Pause Young (Concurrent Start) (G1 Evacuation Pause)
[2024-07-22T08:42:51.228+0800] GC(8) Using 12 workers of 13 for evacuation
[2024-07-22T08:42:51.265+0800] GC(8)   Pre Evacuate Collection Set: 0.3ms
[2024-07-22T08:42:51.265+0800] GC(8)   Merge Heap Roots: 0.1ms
[2024-07-22T08:42:51.265+0800] GC(8)   Evacuate Collection Set: 33.6ms
[2024-07-22T08:42:51.265+0800] GC(8)   Post Evacuate Collection Set: 3.1ms
[2024-07-22T08:42:51.265+0800] GC(8)   Other: 0.1ms
[2024-07-22T08:42:51.265+0800] GC(8) Eden regions: 37->0(45)
[2024-07-22T08:42:51.265+0800] GC(8) Survivor regions: 5->6(6)
[2024-07-22T08:42:51.265+0800] GC(8) Old regions: 134->152
[2024-07-22T08:42:51.265+0800] GC(8) Humongous regions: 0->0
[2024-07-22T08:42:51.265+0800] GC(8) Metaspace: 4698K(4864K)->4698K(4864K) NonClass: 4246K(4352K)->4246K(4352K) Class: 451K(512K)->451K(512K)
[2024-07-22T08:42:51.265+0800] GC(8) Pause Young (Concurrent Start) (G1 Evacuation Pause) 350M->313M(1402M) 37.306ms
[2024-07-22T08:42:51.265+0800] GC(8) User=0.12s Sys=0.06s Real=0.04s
[2024-07-22T08:42:51.265+0800] GC(9) Concurrent Mark Cycle
[2024-07-22T08:42:51.265+0800] GC(9) Concurrent Scan Root Regions
[2024-07-22T08:42:51.279+0800] GC(9) Concurrent Scan Root Regions 13.852ms
[2024-07-22T08:42:51.279+0800] GC(9) Concurrent Mark
[2024-07-22T08:42:51.279+0800] GC(9) Concurrent Mark From Roots
[2024-07-22T08:42:51.279+0800] GC(9) Using 3 workers of 3 for marking
[2024-07-22T08:42:51.429+0800] GC(9) Concurrent Mark From Roots 150.298ms
[2024-07-22T08:42:51.429+0800] GC(9) Concurrent Preclean
[2024-07-22T08:42:51.429+0800] GC(9) Concurrent Preclean 0.030ms
[2024-07-22T08:42:51.429+0800] GC(9) Pause Remark
[2024-07-22T08:42:51.430+0800] GC(9) Pause Remark 346M->346M(1168M) 0.802ms
[2024-07-22T08:42:51.430+0800] GC(9) User=0.00s Sys=0.00s Real=0.01s
[2024-07-22T08:42:51.430+0800] GC(9) Concurrent Mark 151.405ms
[2024-07-22T08:42:51.430+0800] GC(9) Concurrent Rebuild Remembered Sets and Scrub Regions
[2024-07-22T08:42:51.530+0800] GC(9) Concurrent Rebuild Remembered Sets and Scrub Regions 100.417ms
[2024-07-22T08:42:51.530+0800] GC(9) Pause Cleanup
[2024-07-22T08:42:51.531+0800] GC(9) Pause Cleanup 366M->366M(1168M) 0.145ms
[2024-07-22T08:42:51.531+0800] GC(9) User=0.00s Sys=0.00s Real=0.00s
[2024-07-22T08:42:51.531+0800] GC(9) Concurrent Clear Claimed Marks
[2024-07-22T08:42:51.531+0800] GC(9) Concurrent Clear Claimed Marks 0.014ms
[2024-07-22T08:42:51.531+0800] GC(9) Concurrent Cleanup for Next Mark
[2024-07-22T08:42:51.535+0800] GC(9) Concurrent Cleanup for Next Mark 4.685ms
[2024-07-22T08:42:51.535+0800] GC(9) Concurrent Mark Cycle 270.929ms
[2024-07-22T08:42:51.717+0800] GC(10) Pause Young (Prepare Mixed) (G1 Evacuation Pause)
[2024-07-22T08:42:51.717+0800] GC(10) Using 13 workers of 13 for evacuation
[2024-07-22T08:42:51.732+0800] GC(10)   Pre Evacuate Collection Set: 0.2ms
[2024-07-22T08:42:51.732+0800] GC(10)   Merge Heap Roots: 0.1ms
[2024-07-22T08:42:51.732+0800] GC(10)   Evacuate Collection Set: 14.1ms
[2024-07-22T08:42:51.732+0800] GC(10)   Post Evacuate Collection Set: 0.4ms
[2024-07-22T08:42:51.732+0800] GC(10)   Other: 0.1ms
[2024-07-22T08:42:51.732+0800] GC(10) Eden regions: 48->0(119)
[2024-07-22T08:42:51.732+0800] GC(10) Survivor regions: 6->7(7)
[2024-07-22T08:42:51.732+0800] GC(10) Old regions: 152->160
[2024-07-22T08:42:51.732+0800] GC(10) Humongous regions: 0->0
[2024-07-22T08:42:51.732+0800] GC(10) Metaspace: 4698K(4864K)->4698K(4864K) NonClass: 4247K(4352K)->4247K(4352K) Class: 451K(512K)->451K(512K)
[2024-07-22T08:42:51.732+0800] GC(10) Pause Young (Prepare Mixed) (G1 Evacuation Pause) 409M->331M(1168M) 15.121ms
[2024-07-22T08:42:51.732+0800] GC(10) User=0.07s Sys=0.06s Real=0.02s
[2024-07-22T08:43:29.115+0800] GC(11) Pause Young (Mixed) (G1 Evacuation Pause)
[2024-07-22T08:43:29.116+0800] GC(11) Using 13 workers of 13 for evacuation
[2024-07-22T08:43:29.153+0800] GC(11)   Pre Evacuate Collection Set: 0.2ms
[2024-07-22T08:43:29.153+0800] GC(11)   Merge Heap Roots: 0.1ms
[2024-07-22T08:43:29.153+0800] GC(11)   Evacuate Collection Set: 36.3ms
[2024-07-22T08:43:29.153+0800] GC(11)   Post Evacuate Collection Set: 0.4ms
[2024-07-22T08:43:29.153+0800] GC(11)   Other: 0.2ms
[2024-07-22T08:43:29.153+0800] GC(11) Eden regions: 132->0(126)
[2024-07-22T08:43:29.153+0800] GC(11) Survivor regions: 7->18(18)
[2024-07-22T08:43:29.153+0800] GC(11) Old regions: 160->162
[2024-07-22T08:43:29.153+0800] GC(11) Humongous regions: 0->0
[2024-07-22T08:43:29.153+0800] GC(11) Metaspace: 8654K(8832K)->8654K(8832K) NonClass: 7815K(7872K)->7815K(7872K) Class: 838K(960K)->838K(960K)
[2024-07-22T08:43:29.153+0800] GC(11) Pause Young (Mixed) (G1 Evacuation Pause) 595M->357M(1168M) 38.248ms
[2024-07-22T08:43:29.153+0800] GC(11) User=0.15s Sys=0.11s Real=0.04s
[2024-07-22T08:45:10.752+0800] GC(12) Pause Young (Normal) (G1 Evacuation Pause)
[2024-07-22T08:45:10.753+0800] GC(12) Using 13 workers of 13 for evacuation
[2024-07-22T08:45:10.784+0800] GC(12)   Pre Evacuate Collection Set: 0.3ms
[2024-07-22T08:45:10.784+0800] GC(12)   Merge Heap Roots: 0.1ms
[2024-07-22T08:45:10.784+0800] GC(12)   Evacuate Collection Set: 30.0ms
[2024-07-22T08:45:10.784+0800] GC(12)   Post Evacuate Collection Set: 0.3ms
[2024-07-22T08:45:10.784+0800] GC(12)   Other: 0.1ms
[2024-07-22T08:45:10.784+0800] GC(12) Eden regions: 135->0(322)
[2024-07-22T08:45:10.784+0800] GC(12) Survivor regions: 18->3(20)
[2024-07-22T08:45:10.784+0800] GC(12) Old regions: 162->180
[2024-07-22T08:45:10.784+0800] GC(12) Humongous regions: 0->0
[2024-07-22T08:45:10.784+0800] GC(12) Metaspace: 8666K(8960K)->8666K(8960K) NonClass: 7827K(8000K)->7827K(8000K) Class: 838K(960K)->838K(960K)
[2024-07-22T08:45:10.784+0800] GC(12) Pause Young (Normal) (G1 Evacuation Pause) 627M->361M(1168M) 32.069ms
[2024-07-22T08:45:10.784+0800] GC(12) User=0.10s Sys=0.09s Real=0.03s
[2024-07-22T08:46:05.831+0800] Heap
[2024-07-22T08:46:05.832+0800]  garbage-first heap   total 1196032K, used 528083K [0x0000000700000000, 0x0000000800000000)
[2024-07-22T08:46:05.832+0800]   region size 2048K, 80 young (163840K), 3 survivors (6144K)
[2024-07-22T08:46:05.832+0800]  Metaspace       used 8736K, committed 8960K, reserved 1114112K
[2024-07-22T08:46:05.832+0800]   class space    used 851K, committed 960K, reserved 1048576K
